Archive member included because of file (symbol)

../TP1_montre_bsp/\libhal_bsp.a(alt_irq_register.o)
                              obj/default/hello_world.o (alt_irq_register)
../TP1_montre_bsp/\libhal_bsp.a(alt_irq_vars.o)
                              ../TP1_montre_bsp/\libhal_bsp.a(alt_irq_register.o) (alt_irq_active)
../TP1_montre_bsp/\libhal_bsp.a(alt_load.o)
                              ../TP1_montre_bsp//obj/HAL/src/crt0.o (alt_load)
../TP1_montre_bsp/\libhal_bsp.a(alt_main.o)
                              ../TP1_montre_bsp//obj/HAL/src/crt0.o (alt_main)
../TP1_montre_bsp/\libhal_bsp.a(alt_sys_init.o)
                              ../TP1_montre_bsp/\libhal_bsp.a(alt_main.o) (alt_irq_init)
../TP1_montre_bsp/\libhal_bsp.a(altera_avalon_jtag_uart_fd.o)
                              ../TP1_montre_bsp/\libhal_bsp.a(alt_sys_init.o) (altera_avalon_jtag_uart_read_fd)
../TP1_montre_bsp/\libhal_bsp.a(altera_avalon_jtag_uart_init.o)
                              ../TP1_montre_bsp/\libhal_bsp.a(alt_sys_init.o) (altera_avalon_jtag_uart_init)
../TP1_montre_bsp/\libhal_bsp.a(altera_avalon_jtag_uart_ioctl.o)
                              ../TP1_montre_bsp/\libhal_bsp.a(altera_avalon_jtag_uart_fd.o) (altera_avalon_jtag_uart_ioctl)
../TP1_montre_bsp/\libhal_bsp.a(altera_avalon_jtag_uart_read.o)
                              ../TP1_montre_bsp/\libhal_bsp.a(altera_avalon_jtag_uart_fd.o) (altera_avalon_jtag_uart_read)
../TP1_montre_bsp/\libhal_bsp.a(altera_avalon_jtag_uart_write.o)
                              ../TP1_montre_bsp/\libhal_bsp.a(altera_avalon_jtag_uart_fd.o) (altera_avalon_jtag_uart_write)
../TP1_montre_bsp/\libhal_bsp.a(altera_avalon_timer_sc.o)
                              ../TP1_montre_bsp/\libhal_bsp.a(alt_sys_init.o) (alt_avalon_timer_sc_init)
../TP1_montre_bsp/\libhal_bsp.a(alt_alarm_start.o)
                              ../TP1_montre_bsp/\libhal_bsp.a(altera_avalon_jtag_uart_init.o) (alt_alarm_start)
../TP1_montre_bsp/\libhal_bsp.a(alt_close.o)
                              ../TP1_montre_bsp/\libhal_bsp.a(alt_main.o) (close)
../TP1_montre_bsp/\libhal_bsp.a(alt_dcache_flush_all.o)
                              ../TP1_montre_bsp/\libhal_bsp.a(alt_load.o) (alt_dcache_flush_all)
../TP1_montre_bsp/\libhal_bsp.a(alt_dev.o)
                              ../TP1_montre_bsp/\libhal_bsp.a(alt_sys_init.o) (alt_dev_list)
../TP1_montre_bsp/\libhal_bsp.a(alt_dev_llist_insert.o)
                              ../TP1_montre_bsp/\libhal_bsp.a(alt_sys_init.o) (alt_dev_llist_insert)
../TP1_montre_bsp/\libhal_bsp.a(alt_do_ctors.o)
                              ../TP1_montre_bsp/\libhal_bsp.a(alt_main.o) (_do_ctors)
../TP1_montre_bsp/\libhal_bsp.a(alt_do_dtors.o)
                              ../TP1_montre_bsp/\libhal_bsp.a(alt_main.o) (_do_dtors)
../TP1_montre_bsp/\libhal_bsp.a(alt_errno.o)
                              ../TP1_montre_bsp/\libhal_bsp.a(alt_close.o) (alt_errno)
../TP1_montre_bsp/\libhal_bsp.a(alt_icache_flush_all.o)
                              ../TP1_montre_bsp/\libhal_bsp.a(alt_load.o) (alt_icache_flush_all)
../TP1_montre_bsp/\libhal_bsp.a(alt_io_redirect.o)
                              ../TP1_montre_bsp/\libhal_bsp.a(alt_main.o) (alt_io_redirect)
../TP1_montre_bsp/\libhal_bsp.a(alt_irq_entry.o)
                              ../TP1_montre_bsp/\libhal_bsp.a(alt_irq_register.o) (alt_irq_entry)
../TP1_montre_bsp/\libhal_bsp.a(alt_irq_handler.o)
                              ../TP1_montre_bsp/\libhal_bsp.a(alt_irq_register.o) (alt_irq_handler)
../TP1_montre_bsp/\libhal_bsp.a(alt_open.o)
                              ../TP1_montre_bsp/\libhal_bsp.a(alt_io_redirect.o) (open)
../TP1_montre_bsp/\libhal_bsp.a(alt_release_fd.o)
                              ../TP1_montre_bsp/\libhal_bsp.a(alt_close.o) (alt_release_fd)
../TP1_montre_bsp/\libhal_bsp.a(alt_tick.o)
                              ../TP1_montre_bsp/\libhal_bsp.a(altera_avalon_jtag_uart_init.o) (_alt_tick_rate)
../TP1_montre_bsp/\libhal_bsp.a(altera_nios2_qsys_irq.o)
                              ../TP1_montre_bsp/\libhal_bsp.a(alt_sys_init.o) (altera_nios2_qsys_irq_init)
../TP1_montre_bsp/\libhal_bsp.a(alt_exception_entry.o)
                              ../TP1_montre_bsp/\libhal_bsp.a(alt_irq_entry.o) (alt_exception)
../TP1_montre_bsp/\libhal_bsp.a(alt_find_dev.o)
                              ../TP1_montre_bsp/\libhal_bsp.a(alt_open.o) (alt_find_dev)
../TP1_montre_bsp/\libhal_bsp.a(alt_find_file.o)
                              ../TP1_montre_bsp/\libhal_bsp.a(alt_open.o) (alt_find_file)
../TP1_montre_bsp/\libhal_bsp.a(alt_get_fd.o)
                              ../TP1_montre_bsp/\libhal_bsp.a(alt_open.o) (alt_get_fd)
c:/altera/13.0sp1/nios2eds/bin/gnu/h-i686-mingw32/bin/../lib/gcc/nios2-elf/4.1.2/../../../../nios2-elf/lib/mno-hw-mul\libc.a(lib_a-atexit.o)
                              ../TP1_montre_bsp/\libhal_bsp.a(alt_main.o) (atexit)
c:/altera/13.0sp1/nios2eds/bin/gnu/h-i686-mingw32/bin/../lib/gcc/nios2-elf/4.1.2/../../../../nios2-elf/lib/mno-hw-mul\libc.a(lib_a-exit.o)
                              ../TP1_montre_bsp/\libhal_bsp.a(alt_main.o) (exit)
c:/altera/13.0sp1/nios2eds/bin/gnu/h-i686-mingw32/bin/../lib/gcc/nios2-elf/4.1.2/../../../../nios2-elf/lib/mno-hw-mul\libc.a(lib_a-impure.o)
                              c:/altera/13.0sp1/nios2eds/bin/gnu/h-i686-mingw32/bin/../lib/gcc/nios2-elf/4.1.2/../../../../nios2-elf/lib/mno-hw-mul\libc.a(lib_a-exit.o) (_global_impure_ptr)
c:/altera/13.0sp1/nios2eds/bin/gnu/h-i686-mingw32/bin/../lib/gcc/nios2-elf/4.1.2/../../../../nios2-elf/lib/mno-hw-mul\libc.a(lib_a-int_errno.o)
                              ../TP1_montre_bsp/\libhal_bsp.a(alt_close.o) (errno)
c:/altera/13.0sp1/nios2eds/bin/gnu/h-i686-mingw32/bin/../lib/gcc/nios2-elf/4.1.2/../../../../nios2-elf/lib/mno-hw-mul\libc.a(lib_a-memcmp.o)
                              ../TP1_montre_bsp/\libhal_bsp.a(alt_find_dev.o) (memcmp)
c:/altera/13.0sp1/nios2eds/bin/gnu/h-i686-mingw32/bin/../lib/gcc/nios2-elf/4.1.2/../../../../nios2-elf/lib/mno-hw-mul\libc.a(lib_a-memcpy.o)
                              ../TP1_montre_bsp/\libhal_bsp.a(altera_avalon_jtag_uart_read.o) (memcpy)
c:/altera/13.0sp1/nios2eds/bin/gnu/h-i686-mingw32/bin/../lib/gcc/nios2-elf/4.1.2/../../../../nios2-elf/lib/mno-hw-mul\libc.a(lib_a-strlen.o)
                              ../TP1_montre_bsp/\libhal_bsp.a(alt_find_dev.o) (strlen)
c:/altera/13.0sp1/nios2eds/bin/gnu/h-i686-mingw32/bin/../lib/gcc/nios2-elf/4.1.2/../../../../nios2-elf/lib/mno-hw-mul\libc.a(lib_a-__atexit.o)
                              c:/altera/13.0sp1/nios2eds/bin/gnu/h-i686-mingw32/bin/../lib/gcc/nios2-elf/4.1.2/../../../../nios2-elf/lib/mno-hw-mul\libc.a(lib_a-atexit.o) (__register_exitproc)
c:/altera/13.0sp1/nios2eds/bin/gnu/h-i686-mingw32/bin/../lib/gcc/nios2-elf/4.1.2/../../../../nios2-elf/lib/mno-hw-mul\libc.a(lib_a-__call_atexit.o)
                              c:/altera/13.0sp1/nios2eds/bin/gnu/h-i686-mingw32/bin/../lib/gcc/nios2-elf/4.1.2/../../../../nios2-elf/lib/mno-hw-mul\libc.a(lib_a-exit.o) (__call_exitprocs)
c:/altera/13.0sp1/nios2eds/bin/gnu/h-i686-mingw32/bin/../lib/gcc/nios2-elf/4.1.2/mno-hw-mul\libgcc.a(lib2-mul.o)
                              ../TP1_montre_bsp/\libhal_bsp.a(alt_close.o) (__mulsi3)
../TP1_montre_bsp/\libhal_bsp.a(alt_exit.o)
                              c:/altera/13.0sp1/nios2eds/bin/gnu/h-i686-mingw32/bin/../lib/gcc/nios2-elf/4.1.2/../../../../nios2-elf/lib/mno-hw-mul\libc.a(lib_a-exit.o) (_exit)

Allocating common symbols
Common symbol       size              file

alt_irq             0x100             ../TP1_montre_bsp/\libhal_bsp.a(alt_irq_handler.o)
edge_capture        0x4               obj/default/hello_world.o
errno               0x4               c:/altera/13.0sp1/nios2eds/bin/gnu/h-i686-mingw32/bin/../lib/gcc/nios2-elf/4.1.2/../../../../nios2-elf/lib/mno-hw-mul\libc.a(lib_a-int_errno.o)
_atexit0            0x190             c:/altera/13.0sp1/nios2eds/bin/gnu/h-i686-mingw32/bin/../lib/gcc/nios2-elf/4.1.2/../../../../nios2-elf/lib/mno-hw-mul\libc.a(lib_a-atexit.o)

Memory Configuration

Name             Origin             Length             Attributes
reset            0x00800000         0x00000020
SDRAM            0x00800020         0x007fffe0
*default*        0x00000000         0xffffffff

Linker script and memory map

LOAD ../TP1_montre_bsp//obj/HAL/src/crt0.o
LOAD obj/default/hello_world.o
LOAD c:/altera/13.0sp1/nios2eds/bin/gnu/h-i686-mingw32/bin/../lib/gcc/nios2-elf/4.1.2/../../../../nios2-elf/lib/mno-hw-mul\libstdc++.a
LOAD c:/altera/13.0sp1/nios2eds/bin/gnu/h-i686-mingw32/bin/../lib/gcc/nios2-elf/4.1.2/../../../../nios2-elf/lib/mno-hw-mul\libm.a
LOAD c:/altera/13.0sp1/nios2eds/bin/gnu/h-i686-mingw32/bin/../lib/gcc/nios2-elf/4.1.2/mno-hw-mul\libgcc.a
START GROUP
LOAD c:/altera/13.0sp1/nios2eds/bin/gnu/h-i686-mingw32/bin/../lib/gcc/nios2-elf/4.1.2/../../../../nios2-elf/lib/mno-hw-mul\libc.a
LOAD c:/altera/13.0sp1/nios2eds/bin/gnu/h-i686-mingw32/bin/../lib/gcc/nios2-elf/4.1.2/mno-hw-mul\libgcc.a
LOAD ../TP1_montre_bsp/\libhal_bsp.a
END GROUP
LOAD c:/altera/13.0sp1/nios2eds/bin/gnu/h-i686-mingw32/bin/../lib/gcc/nios2-elf/4.1.2/mno-hw-mul\libgcc.a
                0x00800000                __alt_mem_SDRAM = 0x800000

.entry          0x00800000       0x20
 *(.entry)
 .entry         0x00800000       0x20 ../TP1_montre_bsp//obj/HAL/src/crt0.o
                0x00800000                __reset

.exceptions     0x00800020      0x198
                0x00800020                PROVIDE (__ram_exceptions_start, ABSOLUTE (.))
                0x00800020                . = ALIGN (0x20)
 *(.irq)
 *(.exceptions.entry.label)
 .exceptions.entry.label
                0x00800020        0x0 ../TP1_montre_bsp/\libhal_bsp.a(alt_irq_entry.o)
                0x00800020                alt_irq_entry
 .exceptions.entry.label
                0x00800020        0x0 ../TP1_montre_bsp/\libhal_bsp.a(alt_exception_entry.o)
                0x00800020                alt_exception
 *(.exceptions.entry.user)
 *(.exceptions.entry)
 .exceptions.entry
                0x00800020       0x54 ../TP1_montre_bsp/\libhal_bsp.a(alt_exception_entry.o)
 *(.exceptions.irqtest.user)
 *(.exceptions.irqtest)
 .exceptions.irqtest
                0x00800074       0x10 ../TP1_montre_bsp/\libhal_bsp.a(alt_irq_entry.o)
 *(.exceptions.irqhandler.user)
 *(.exceptions.irqhandler)
 .exceptions.irqhandler
                0x00800084        0x4 ../TP1_montre_bsp/\libhal_bsp.a(alt_irq_entry.o)
 *(.exceptions.irqreturn.user)
 *(.exceptions.irqreturn)
 .exceptions.irqreturn
                0x00800088        0x4 ../TP1_montre_bsp/\libhal_bsp.a(alt_irq_entry.o)
 *(.exceptions.notirq.label)
 .exceptions.notirq.label
                0x0080008c        0x0 ../TP1_montre_bsp/\libhal_bsp.a(alt_irq_entry.o)
 *(.exceptions.notirq.user)
 *(.exceptions.notirq)
 .exceptions.notirq
                0x0080008c        0x8 ../TP1_montre_bsp/\libhal_bsp.a(alt_exception_entry.o)
 *(.exceptions.soft.user)
 *(.exceptions.soft)
 *(.exceptions.unknown.user)
 *(.exceptions.unknown)
 .exceptions.unknown
                0x00800094        0x4 ../TP1_montre_bsp/\libhal_bsp.a(alt_exception_entry.o)
 *(.exceptions.exit.label)
 .exceptions.exit.label
                0x00800098        0x0 ../TP1_montre_bsp/\libhal_bsp.a(alt_irq_entry.o)
 .exceptions.exit.label
                0x00800098        0x0 ../TP1_montre_bsp/\libhal_bsp.a(alt_exception_entry.o)
 *(.exceptions.exit.user)
 *(.exceptions.exit)
 .exceptions.exit
                0x00800098       0x54 ../TP1_montre_bsp/\libhal_bsp.a(alt_exception_entry.o)
 *(.exceptions)
 .exceptions    0x008000ec       0xcc ../TP1_montre_bsp/\libhal_bsp.a(alt_irq_handler.o)
                0x008000ec                alt_irq_handler
                0x008001b8                PROVIDE (__ram_exceptions_end, ABSOLUTE (.))
                0x00800020                PROVIDE (__flash_exceptions_start, LOADADDR (.exceptions))

.text           0x008001b8     0x24d0
                0x008001b8                PROVIDE (stext, ABSOLUTE (.))
 *(.interp)
 *(.hash)
 *(.dynsym)
 *(.dynstr)
 *(.gnu.version)
 *(.gnu.version_d)
 *(.gnu.version_r)
 *(.rel.init)
 *(.rela.init)
 *(.rel.text .rel.text.* .rel.gnu.linkonce.t.*)
 *(.rela.text .rela.text.* .rela.gnu.linkonce.t.*)
 *(.rel.fini)
 *(.rela.fini)
 *(.rel.rodata .rel.rodata.* .rel.gnu.linkonce.r.*)
 *(.rela.rodata .rela.rodata.* .rela.gnu.linkonce.r.*)
 *(.rel.data .rel.data.* .rel.gnu.linkonce.d.*)
 *(.rela.data .rela.data.* .rela.gnu.linkonce.d.*)
 *(.rel.tdata .rel.tdata.* .rel.gnu.linkonce.td.*)
 *(.rela.tdata .rela.tdata.* .rela.gnu.linkonce.td.*)
 *(.rel.tbss .rel.tbss.* .rel.gnu.linkonce.tb.*)
 *(.rela.tbss .rela.tbss.* .rela.gnu.linkonce.tb.*)
 *(.rel.ctors)
 *(.rela.ctors)
 *(.rel.dtors)
 *(.rela.dtors)
 *(.rel.got)
 *(.rela.got)
 *(.rel.sdata .rel.sdata.* .rel.gnu.linkonce.s.*)
 *(.rela.sdata .rela.sdata.* .rela.gnu.linkonce.s.*)
 *(.rel.sbss .rel.sbss.* .rel.gnu.linkonce.sb.*)
 *(.rela.sbss .rela.sbss.* .rela.gnu.linkonce.sb.*)
 *(.rel.sdata2 .rel.sdata2.* .rel.gnu.linkonce.s2.*)
 *(.rela.sdata2 .rela.sdata2.* .rela.gnu.linkonce.s2.*)
 *(.rel.sbss2 .rel.sbss2.* .rel.gnu.linkonce.sb2.*)
 *(.rela.sbss2 .rela.sbss2.* .rela.gnu.linkonce.sb2.*)
 *(.rel.bss .rel.bss.* .rel.gnu.linkonce.b.*)
 *(.rela.bss .rela.bss.* .rela.gnu.linkonce.b.*)
 *(.rel.plt)
 *(.rela.plt)
 *(.rel.dyn)
 *(.init)
 *(.plt)
 *(.text .stub .text.* .gnu.linkonce.t.*)
 .text          0x008001b8       0x3c ../TP1_montre_bsp//obj/HAL/src/crt0.o
                0x008001b8                _start
 .text          0x008001f4      0x194 obj/default/hello_world.o
                0x008001f4                main
                0x00800218                handle_sw_interrupts
                0x00800274                init_pio
                0x008002e0                Update_HEX_display
 .text          0x00800388      0x1c0 ../TP1_montre_bsp/\libhal_bsp.a(alt_irq_register.o)
                0x00800388                alt_irq_register
 .text          0x00800548        0x0 ../TP1_montre_bsp/\libhal_bsp.a(alt_irq_vars.o)
 .text          0x00800548       0xec ../TP1_montre_bsp/\libhal_bsp.a(alt_load.o)
                0x00800548                alt_load
 .text          0x00800634       0x6c ../TP1_montre_bsp/\libhal_bsp.a(alt_main.o)
                0x00800634                alt_main
 .text          0x008006a0      0x104 ../TP1_montre_bsp/\libhal_bsp.a(alt_sys_init.o)
                0x008006a0                alt_irq_init
                0x008006d4                alt_sys_init
 .text          0x008007a4      0x148 ../TP1_montre_bsp/\libhal_bsp.a(altera_avalon_jtag_uart_fd.o)
                0x008007a4                altera_avalon_jtag_uart_read_fd
                0x008007fc                altera_avalon_jtag_uart_write_fd
                0x00800854                altera_avalon_jtag_uart_close_fd
                0x0080089c                altera_avalon_jtag_uart_ioctl_fd
 .text          0x008008ec      0x408 ../TP1_montre_bsp/\libhal_bsp.a(altera_avalon_jtag_uart_init.o)
                0x008008ec                altera_avalon_jtag_uart_init
                0x00800c80                altera_avalon_jtag_uart_close
 .text          0x00800cf4       0xf4 ../TP1_montre_bsp/\libhal_bsp.a(altera_avalon_jtag_uart_ioctl.o)
                0x00800cf4                altera_avalon_jtag_uart_ioctl
 .text          0x00800de8      0x224 ../TP1_montre_bsp/\libhal_bsp.a(altera_avalon_jtag_uart_read.o)
                0x00800de8                altera_avalon_jtag_uart_read
 .text          0x0080100c      0x240 ../TP1_montre_bsp/\libhal_bsp.a(altera_avalon_jtag_uart_write.o)
                0x0080100c                altera_avalon_jtag_uart_write
 .text          0x0080124c       0xfc ../TP1_montre_bsp/\libhal_bsp.a(altera_avalon_timer_sc.o)
                0x008012c0                alt_avalon_timer_sc_init
 .text          0x00801348      0x154 ../TP1_montre_bsp/\libhal_bsp.a(alt_alarm_start.o)
                0x00801348                alt_alarm_start
 .text          0x0080149c      0x160 ../TP1_montre_bsp/\libhal_bsp.a(alt_close.o)
                0x0080149c                close
 .text          0x008015fc       0x1c ../TP1_montre_bsp/\libhal_bsp.a(alt_dcache_flush_all.o)
                0x008015fc                alt_dcache_flush_all
 .text          0x00801618       0x2c ../TP1_montre_bsp/\libhal_bsp.a(alt_dev.o)
 .text          0x00801644      0x114 ../TP1_montre_bsp/\libhal_bsp.a(alt_dev_llist_insert.o)
                0x00801644                alt_dev_llist_insert
 .text          0x00801758       0x64 ../TP1_montre_bsp/\libhal_bsp.a(alt_do_ctors.o)
                0x00801758                _do_ctors
 .text          0x008017bc       0x64 ../TP1_montre_bsp/\libhal_bsp.a(alt_do_dtors.o)
                0x008017bc                _do_dtors
 .text          0x00801820        0x0 ../TP1_montre_bsp/\libhal_bsp.a(alt_errno.o)
 .text          0x00801820       0x1c ../TP1_montre_bsp/\libhal_bsp.a(alt_icache_flush_all.o)
                0x00801820                alt_icache_flush_all
 .text          0x0080183c      0x150 ../TP1_montre_bsp/\libhal_bsp.a(alt_io_redirect.o)
                0x00801914                alt_io_redirect
 .text          0x0080198c        0x0 ../TP1_montre_bsp/\libhal_bsp.a(alt_irq_entry.o)
 .text          0x0080198c        0x0 ../TP1_montre_bsp/\libhal_bsp.a(alt_irq_handler.o)
 .text          0x0080198c      0x2e4 ../TP1_montre_bsp/\libhal_bsp.a(alt_open.o)
                0x00801a84                open
 .text          0x00801c70       0x78 ../TP1_montre_bsp/\libhal_bsp.a(alt_release_fd.o)
                0x00801c70                alt_release_fd
 .text          0x00801ce8      0x1a4 ../TP1_montre_bsp/\libhal_bsp.a(alt_tick.o)
                0x00801ce8                alt_alarm_stop
                0x00801d80                alt_tick
 .text          0x00801e8c       0x20 ../TP1_montre_bsp/\libhal_bsp.a(altera_nios2_qsys_irq.o)
                0x00801e8c                altera_nios2_qsys_irq_init
 .text          0x00801eac        0x0 ../TP1_montre_bsp/\libhal_bsp.a(alt_exception_entry.o)
 .text          0x00801eac       0x94 ../TP1_montre_bsp/\libhal_bsp.a(alt_find_dev.o)
                0x00801eac                alt_find_dev
 .text          0x00801f40      0x120 ../TP1_montre_bsp/\libhal_bsp.a(alt_find_file.o)
                0x00801f40                alt_find_file
 .text          0x00802060       0xd0 ../TP1_montre_bsp/\libhal_bsp.a(alt_get_fd.o)
                0x00802060                alt_get_fd
 .text          0x00802130       0x14 c:/altera/13.0sp1/nios2eds/bin/gnu/h-i686-mingw32/bin/../lib/gcc/nios2-elf/4.1.2/../../../../nios2-elf/lib/mno-hw-mul\libc.a(lib_a-atexit.o)
                0x00802130                atexit
 .text          0x00802144       0x38 c:/altera/13.0sp1/nios2eds/bin/gnu/h-i686-mingw32/bin/../lib/gcc/nios2-elf/4.1.2/../../../../nios2-elf/lib/mno-hw-mul\libc.a(lib_a-exit.o)
                0x00802144                exit
 .text          0x0080217c        0x0 c:/altera/13.0sp1/nios2eds/bin/gnu/h-i686-mingw32/bin/../lib/gcc/nios2-elf/4.1.2/../../../../nios2-elf/lib/mno-hw-mul\libc.a(lib_a-impure.o)
 .text          0x0080217c        0x0 c:/altera/13.0sp1/nios2eds/bin/gnu/h-i686-mingw32/bin/../lib/gcc/nios2-elf/4.1.2/../../../../nios2-elf/lib/mno-hw-mul\libc.a(lib_a-int_errno.o)
 .text          0x0080217c       0x74 c:/altera/13.0sp1/nios2eds/bin/gnu/h-i686-mingw32/bin/../lib/gcc/nios2-elf/4.1.2/../../../../nios2-elf/lib/mno-hw-mul\libc.a(lib_a-memcmp.o)
                0x0080217c                memcmp
 .text          0x008021f0       0xa0 c:/altera/13.0sp1/nios2eds/bin/gnu/h-i686-mingw32/bin/../lib/gcc/nios2-elf/4.1.2/../../../../nios2-elf/lib/mno-hw-mul\libc.a(lib_a-memcpy.o)
                0x008021f0                memcpy
 .text          0x00802290       0x74 c:/altera/13.0sp1/nios2eds/bin/gnu/h-i686-mingw32/bin/../lib/gcc/nios2-elf/4.1.2/../../../../nios2-elf/lib/mno-hw-mul\libc.a(lib_a-strlen.o)
                0x00802290                strlen
 .text          0x00802304      0x134 c:/altera/13.0sp1/nios2eds/bin/gnu/h-i686-mingw32/bin/../lib/gcc/nios2-elf/4.1.2/../../../../nios2-elf/lib/mno-hw-mul\libc.a(lib_a-__atexit.o)
                0x00802304                __register_exitproc
 .text          0x00802438      0x1b4 c:/altera/13.0sp1/nios2eds/bin/gnu/h-i686-mingw32/bin/../lib/gcc/nios2-elf/4.1.2/../../../../nios2-elf/lib/mno-hw-mul\libc.a(lib_a-__call_atexit.o)
                0x0080243c                __call_exitprocs
 .text          0x008025ec       0x38 c:/altera/13.0sp1/nios2eds/bin/gnu/h-i686-mingw32/bin/../lib/gcc/nios2-elf/4.1.2/mno-hw-mul\libgcc.a(lib2-mul.o)
                0x008025ec                __mulsi3
 .text          0x00802624       0x60 ../TP1_montre_bsp/\libhal_bsp.a(alt_exit.o)
                0x00802664                _exit
 *(.gnu.warning.*)
 *(.fini)
                0x00802684                PROVIDE (__etext, ABSOLUTE (.))
                0x00802684                PROVIDE (_etext, ABSOLUTE (.))
                0x00802684                PROVIDE (etext, ABSOLUTE (.))
 *(.eh_frame_hdr)
                0x00802684                . = ALIGN (0x4)
                0x00802684                PROVIDE (__preinit_array_start, ABSOLUTE (.))
 *(.preinit_array)
                0x00802684                PROVIDE (__preinit_array_end, ABSOLUTE (.))
                0x00802684                PROVIDE (__init_array_start, ABSOLUTE (.))
 *(.init_array)
                0x00802684                PROVIDE (__init_array_end, ABSOLUTE (.))
                0x00802684                PROVIDE (__fini_array_start, ABSOLUTE (.))
 *(.fini_array)
                0x00802684                PROVIDE (__fini_array_end, ABSOLUTE (.))
 *(.eh_frame)
 *(.gcc_except_table)
 *(.dynamic)
                0x00802684                PROVIDE (__CTOR_LIST__, ABSOLUTE (.))
 *(.ctors)
 *(SORT(.ctors.*))
 .ctors.65535   0x00802684        0x4 c:/altera/13.0sp1/nios2eds/bin/gnu/h-i686-mingw32/bin/../lib/gcc/nios2-elf/4.1.2/../../../../nios2-elf/lib/mno-hw-mul\libc.a(lib_a-__call_atexit.o)
                0x00802688                PROVIDE (__CTOR_END__, ABSOLUTE (.))
                0x00802688                PROVIDE (__DTOR_LIST__, ABSOLUTE (.))
 *(.dtors)
 *(SORT(.dtors.*))
                0x00802688                PROVIDE (__DTOR_END__, ABSOLUTE (.))
 *(.jcr)
                0x00802688                . = ALIGN (0x4)

.rodata         0x00802688       0x68
                0x00802688                PROVIDE (__ram_rodata_start, ABSOLUTE (.))
                0x00802688                . = ALIGN (0x4)
 *(.rodata .rodata.* .gnu.linkonce.r.*)
 .rodata        0x00802688       0x10 ../TP1_montre_bsp/\libhal_bsp.a(alt_main.o)
 .rodata        0x00802698       0x48 ../TP1_montre_bsp/\libhal_bsp.a(alt_sys_init.o)
 .rodata        0x008026e0        0xc ../TP1_montre_bsp/\libhal_bsp.a(alt_dev.o)
 .rodata.str1.4
                0x008026ec        0x4 c:/altera/13.0sp1/nios2eds/bin/gnu/h-i686-mingw32/bin/../lib/gcc/nios2-elf/4.1.2/../../../../nios2-elf/lib/mno-hw-mul\libc.a(lib_a-impure.o)
 *(.rodata1)
                0x008026f0                . = ALIGN (0x4)
                0x008026f0                PROVIDE (__ram_rodata_end, ABSOLUTE (.))
                0x00802688                PROVIDE (__flash_rodata_start, LOADADDR (.rodata))

.rwdata         0x008026f0     0x1734 load address 0x00803e24
                0x008026f0                PROVIDE (__ram_rwdata_start, ABSOLUTE (.))
                0x008026f0                . = ALIGN (0x4)
 *(.got.plt)
 *(.got)
 *(.data1)
 *(.data .data.* .gnu.linkonce.d.*)
 .data          0x008026f0        0x0 ../TP1_montre_bsp//obj/HAL/src/crt0.o
 .data          0x008026f0       0x10 obj/default/hello_world.o
                0x008026f0                seven_seg_decode_table
 .data          0x00802700        0x0 ../TP1_montre_bsp/\libhal_bsp.a(alt_irq_register.o)
 .data          0x00802700        0x0 ../TP1_montre_bsp/\libhal_bsp.a(alt_irq_vars.o)
 .data          0x00802700        0x0 ../TP1_montre_bsp/\libhal_bsp.a(alt_load.o)
 .data          0x00802700        0x0 ../TP1_montre_bsp/\libhal_bsp.a(alt_main.o)
 .data          0x00802700     0x113c ../TP1_montre_bsp/\libhal_bsp.a(alt_sys_init.o)
 .data          0x0080383c        0x0 ../TP1_montre_bsp/\libhal_bsp.a(altera_avalon_jtag_uart_fd.o)
 .data          0x0080383c        0x0 ../TP1_montre_bsp/\libhal_bsp.a(altera_avalon_jtag_uart_init.o)
 .data          0x0080383c        0x0 ../TP1_montre_bsp/\libhal_bsp.a(altera_avalon_jtag_uart_ioctl.o)
 .data          0x0080383c        0x0 ../TP1_montre_bsp/\libhal_bsp.a(altera_avalon_jtag_uart_read.o)
 .data          0x0080383c        0x0 ../TP1_montre_bsp/\libhal_bsp.a(altera_avalon_jtag_uart_write.o)
 .data          0x0080383c        0x0 ../TP1_montre_bsp/\libhal_bsp.a(altera_avalon_timer_sc.o)
 .data          0x0080383c        0x0 ../TP1_montre_bsp/\libhal_bsp.a(alt_alarm_start.o)
 .data          0x0080383c        0x0 ../TP1_montre_bsp/\libhal_bsp.a(alt_close.o)
 .data          0x0080383c        0x0 ../TP1_montre_bsp/\libhal_bsp.a(alt_dcache_flush_all.o)
 .data          0x0080383c      0x1a8 ../TP1_montre_bsp/\libhal_bsp.a(alt_dev.o)
                0x0080383c                alt_dev_null
                0x00803864                alt_fd_list
 .data          0x008039e4        0x0 ../TP1_montre_bsp/\libhal_bsp.a(alt_dev_llist_insert.o)
 .data          0x008039e4        0x0 ../TP1_montre_bsp/\libhal_bsp.a(alt_do_ctors.o)
 .data          0x008039e4        0x0 ../TP1_montre_bsp/\libhal_bsp.a(alt_do_dtors.o)
 .data          0x008039e4        0x0 ../TP1_montre_bsp/\libhal_bsp.a(alt_errno.o)
 .data          0x008039e4        0x0 ../TP1_montre_bsp/\libhal_bsp.a(alt_icache_flush_all.o)
 .data          0x008039e4        0x0 ../TP1_montre_bsp/\libhal_bsp.a(alt_io_redirect.o)
 .data          0x008039e4        0x0 ../TP1_montre_bsp/\libhal_bsp.a(alt_irq_entry.o)
 .data          0x008039e4        0x0 ../TP1_montre_bsp/\libhal_bsp.a(alt_irq_handler.o)
 .data          0x008039e4        0x0 ../TP1_montre_bsp/\libhal_bsp.a(alt_open.o)
 .data          0x008039e4        0x0 ../TP1_montre_bsp/\libhal_bsp.a(alt_release_fd.o)
 .data          0x008039e4        0x0 ../TP1_montre_bsp/\libhal_bsp.a(alt_tick.o)
 .data          0x008039e4        0x0 ../TP1_montre_bsp/\libhal_bsp.a(altera_nios2_qsys_irq.o)
 .data          0x008039e4        0x0 ../TP1_montre_bsp/\libhal_bsp.a(alt_exception_entry.o)
 .data          0x008039e4        0x0 ../TP1_montre_bsp/\libhal_bsp.a(alt_find_dev.o)
 .data          0x008039e4        0x0 ../TP1_montre_bsp/\libhal_bsp.a(alt_find_file.o)
 .data          0x008039e4        0x0 ../TP1_montre_bsp/\libhal_bsp.a(alt_get_fd.o)
 .data          0x008039e4        0x0 c:/altera/13.0sp1/nios2eds/bin/gnu/h-i686-mingw32/bin/../lib/gcc/nios2-elf/4.1.2/../../../../nios2-elf/lib/mno-hw-mul\libc.a(lib_a-atexit.o)
 .data          0x008039e4        0x0 c:/altera/13.0sp1/nios2eds/bin/gnu/h-i686-mingw32/bin/../lib/gcc/nios2-elf/4.1.2/../../../../nios2-elf/lib/mno-hw-mul\libc.a(lib_a-exit.o)
 .data          0x008039e4      0x400 c:/altera/13.0sp1/nios2eds/bin/gnu/h-i686-mingw32/bin/../lib/gcc/nios2-elf/4.1.2/../../../../nios2-elf/lib/mno-hw-mul\libc.a(lib_a-impure.o)
 .data          0x00803de4        0x0 c:/altera/13.0sp1/nios2eds/bin/gnu/h-i686-mingw32/bin/../lib/gcc/nios2-elf/4.1.2/../../../../nios2-elf/lib/mno-hw-mul\libc.a(lib_a-int_errno.o)
 .data          0x00803de4        0x0 c:/altera/13.0sp1/nios2eds/bin/gnu/h-i686-mingw32/bin/../lib/gcc/nios2-elf/4.1.2/../../../../nios2-elf/lib/mno-hw-mul\libc.a(lib_a-memcmp.o)
 .data          0x00803de4        0x0 c:/altera/13.0sp1/nios2eds/bin/gnu/h-i686-mingw32/bin/../lib/gcc/nios2-elf/4.1.2/../../../../nios2-elf/lib/mno-hw-mul\libc.a(lib_a-memcpy.o)
 .data          0x00803de4        0x0 c:/altera/13.0sp1/nios2eds/bin/gnu/h-i686-mingw32/bin/../lib/gcc/nios2-elf/4.1.2/../../../../nios2-elf/lib/mno-hw-mul\libc.a(lib_a-strlen.o)
 .data          0x00803de4        0x0 c:/altera/13.0sp1/nios2eds/bin/gnu/h-i686-mingw32/bin/../lib/gcc/nios2-elf/4.1.2/../../../../nios2-elf/lib/mno-hw-mul\libc.a(lib_a-__atexit.o)
 .data          0x00803de4        0x0 c:/altera/13.0sp1/nios2eds/bin/gnu/h-i686-mingw32/bin/../lib/gcc/nios2-elf/4.1.2/../../../../nios2-elf/lib/mno-hw-mul\libc.a(lib_a-__call_atexit.o)
 .data          0x00803de4        0x0 c:/altera/13.0sp1/nios2eds/bin/gnu/h-i686-mingw32/bin/../lib/gcc/nios2-elf/4.1.2/mno-hw-mul\libgcc.a(lib2-mul.o)
 .data          0x00803de4        0x0 ../TP1_montre_bsp/\libhal_bsp.a(alt_exit.o)
                0x0080bde4                _gp = ABSOLUTE ((. + 0x8000))
                0x0080bde4                PROVIDE (gp, _gp)
 *(.rwdata .rwdata.*)
 *(.sdata .sdata.* .gnu.linkonce.s.*)
 .sdata         0x00803de4       0x14 obj/default/hello_world.o
                0x00803de4                btn_ptr
                0x00803de8                sw_ptr
                0x00803dec                hex_ptr
                0x00803df0                ledr_ptr
                0x00803df4                ledg_ptr
 .sdata         0x00803df8        0x4 ../TP1_montre_bsp/\libhal_bsp.a(alt_irq_vars.o)
                0x00803df8                alt_priority_mask
 .sdata         0x00803dfc       0x14 ../TP1_montre_bsp/\libhal_bsp.a(alt_dev.o)
                0x00803dfc                alt_fs_list
                0x00803e04                alt_dev_list
                0x00803e0c                alt_max_fd
 .sdata         0x00803e10        0x4 ../TP1_montre_bsp/\libhal_bsp.a(alt_errno.o)
                0x00803e10                alt_errno
 .sdata         0x00803e14        0x8 ../TP1_montre_bsp/\libhal_bsp.a(alt_tick.o)
                0x00803e14                alt_alarm_list
 .sdata         0x00803e1c        0x8 c:/altera/13.0sp1/nios2eds/bin/gnu/h-i686-mingw32/bin/../lib/gcc/nios2-elf/4.1.2/../../../../nios2-elf/lib/mno-hw-mul\libc.a(lib_a-impure.o)
                0x00803e1c                _impure_ptr
                0x00803e20                _global_impure_ptr
 *(.sdata2 .sdata2.* .gnu.linkonce.s2.*)
                0x00803e24                . = ALIGN (0x4)
                0x00803e24                _edata = ABSOLUTE (.)
                0x00803e24                PROVIDE (edata, ABSOLUTE (.))
                0x00803e24                PROVIDE (__ram_rwdata_end, ABSOLUTE (.))
                0x00803e24                PROVIDE (__flash_rwdata_start, LOADADDR (.rwdata))

.bss            0x00805558      0x2bc
                0x00805558                __bss_start = ABSOLUTE (.)
                0x00805558                PROVIDE (__sbss_start, ABSOLUTE (.))
                0x00805558                PROVIDE (___sbss_start, ABSOLUTE (.))
 *(.dynsbss)
 *(.sbss .sbss.* .gnu.linkonce.sb.*)
 .sbss          0x00805558        0xc obj/default/hello_world.o
                0x00805558                val
                0x0080555c                hex_segments
 .sbss          0x00805564        0x4 obj/default/hello_world.o
                0x00805564                edge_capture
 .sbss          0x00805568        0x4 ../TP1_montre_bsp/\libhal_bsp.a(alt_irq_vars.o)
                0x00805568                alt_irq_active
 .sbss          0x0080556c        0xc ../TP1_montre_bsp/\libhal_bsp.a(alt_main.o)
                0x0080556c                alt_argc
                0x00805570                alt_argv
                0x00805574                alt_envp
 .sbss          0x00805578        0x8 ../TP1_montre_bsp/\libhal_bsp.a(alt_tick.o)
                0x00805578                _alt_tick_rate
                0x0080557c                _alt_nticks
 .sbss          0x00805580        0x4 c:/altera/13.0sp1/nios2eds/bin/gnu/h-i686-mingw32/bin/../lib/gcc/nios2-elf/4.1.2/../../../../nios2-elf/lib/mno-hw-mul\libc.a(lib_a-int_errno.o)
                0x00805580                errno
 *(.sbss2 .sbss2.* .gnu.linkonce.sb2.*)
 *(.scommon)
                0x00805584                PROVIDE (__sbss_end, ABSOLUTE (.))
                0x00805584                PROVIDE (___sbss_end, ABSOLUTE (.))
 *(.dynbss)
 *(.bss .bss.* .gnu.linkonce.b.*)
 .bss           0x00805584        0x0 ../TP1_montre_bsp//obj/HAL/src/crt0.o
 .bss           0x00805584        0x0 obj/default/hello_world.o
 .bss           0x00805584        0x0 ../TP1_montre_bsp/\libhal_bsp.a(alt_irq_register.o)
 .bss           0x00805584        0x0 ../TP1_montre_bsp/\libhal_bsp.a(alt_irq_vars.o)
 .bss           0x00805584        0x0 ../TP1_montre_bsp/\libhal_bsp.a(alt_load.o)
 .bss           0x00805584        0x0 ../TP1_montre_bsp/\libhal_bsp.a(alt_main.o)
 .bss           0x00805584        0x0 ../TP1_montre_bsp/\libhal_bsp.a(alt_sys_init.o)
 .bss           0x00805584        0x0 ../TP1_montre_bsp/\libhal_bsp.a(altera_avalon_jtag_uart_fd.o)
 .bss           0x00805584        0x0 ../TP1_montre_bsp/\libhal_bsp.a(altera_avalon_jtag_uart_init.o)
 .bss           0x00805584        0x0 ../TP1_montre_bsp/\libhal_bsp.a(altera_avalon_jtag_uart_ioctl.o)
 .bss           0x00805584        0x0 ../TP1_montre_bsp/\libhal_bsp.a(altera_avalon_jtag_uart_read.o)
 .bss           0x00805584        0x0 ../TP1_montre_bsp/\libhal_bsp.a(altera_avalon_jtag_uart_write.o)
 .bss           0x00805584        0x0 ../TP1_montre_bsp/\libhal_bsp.a(altera_avalon_timer_sc.o)
 .bss           0x00805584        0x0 ../TP1_montre_bsp/\libhal_bsp.a(alt_alarm_start.o)
 .bss           0x00805584        0x0 ../TP1_montre_bsp/\libhal_bsp.a(alt_close.o)
 .bss           0x00805584        0x0 ../TP1_montre_bsp/\libhal_bsp.a(alt_dcache_flush_all.o)
 .bss           0x00805584        0x0 ../TP1_montre_bsp/\libhal_bsp.a(alt_dev.o)
 .bss           0x00805584        0x0 ../TP1_montre_bsp/\libhal_bsp.a(alt_dev_llist_insert.o)
 .bss           0x00805584        0x0 ../TP1_montre_bsp/\libhal_bsp.a(alt_do_ctors.o)
 .bss           0x00805584        0x0 ../TP1_montre_bsp/\libhal_bsp.a(alt_do_dtors.o)
 .bss           0x00805584        0x0 ../TP1_montre_bsp/\libhal_bsp.a(alt_errno.o)
 .bss           0x00805584        0x0 ../TP1_montre_bsp/\libhal_bsp.a(alt_icache_flush_all.o)
 .bss           0x00805584        0x0 ../TP1_montre_bsp/\libhal_bsp.a(alt_io_redirect.o)
 .bss           0x00805584        0x0 ../TP1_montre_bsp/\libhal_bsp.a(alt_irq_entry.o)
 .bss           0x00805584        0x0 ../TP1_montre_bsp/\libhal_bsp.a(alt_irq_handler.o)
 .bss           0x00805584        0x0 ../TP1_montre_bsp/\libhal_bsp.a(alt_open.o)
 .bss           0x00805584        0x0 ../TP1_montre_bsp/\libhal_bsp.a(alt_release_fd.o)
 .bss           0x00805584        0x0 ../TP1_montre_bsp/\libhal_bsp.a(alt_tick.o)
 .bss           0x00805584        0x0 ../TP1_montre_bsp/\libhal_bsp.a(altera_nios2_qsys_irq.o)
 .bss           0x00805584        0x0 ../TP1_montre_bsp/\libhal_bsp.a(alt_exception_entry.o)
 .bss           0x00805584        0x0 ../TP1_montre_bsp/\libhal_bsp.a(alt_find_dev.o)
 .bss           0x00805584        0x0 ../TP1_montre_bsp/\libhal_bsp.a(alt_find_file.o)
 .bss           0x00805584        0x0 ../TP1_montre_bsp/\libhal_bsp.a(alt_get_fd.o)
 .bss           0x00805584        0x0 c:/altera/13.0sp1/nios2eds/bin/gnu/h-i686-mingw32/bin/../lib/gcc/nios2-elf/4.1.2/../../../../nios2-elf/lib/mno-hw-mul\libc.a(lib_a-atexit.o)
 .bss           0x00805584        0x0 c:/altera/13.0sp1/nios2eds/bin/gnu/h-i686-mingw32/bin/../lib/gcc/nios2-elf/4.1.2/../../../../nios2-elf/lib/mno-hw-mul\libc.a(lib_a-exit.o)
 .bss           0x00805584        0x0 c:/altera/13.0sp1/nios2eds/bin/gnu/h-i686-mingw32/bin/../lib/gcc/nios2-elf/4.1.2/../../../../nios2-elf/lib/mno-hw-mul\libc.a(lib_a-impure.o)
 .bss           0x00805584        0x0 c:/altera/13.0sp1/nios2eds/bin/gnu/h-i686-mingw32/bin/../lib/gcc/nios2-elf/4.1.2/../../../../nios2-elf/lib/mno-hw-mul\libc.a(lib_a-int_errno.o)
 .bss           0x00805584        0x0 c:/altera/13.0sp1/nios2eds/bin/gnu/h-i686-mingw32/bin/../lib/gcc/nios2-elf/4.1.2/../../../../nios2-elf/lib/mno-hw-mul\libc.a(lib_a-memcmp.o)
 .bss           0x00805584        0x0 c:/altera/13.0sp1/nios2eds/bin/gnu/h-i686-mingw32/bin/../lib/gcc/nios2-elf/4.1.2/../../../../nios2-elf/lib/mno-hw-mul\libc.a(lib_a-memcpy.o)
 .bss           0x00805584        0x0 c:/altera/13.0sp1/nios2eds/bin/gnu/h-i686-mingw32/bin/../lib/gcc/nios2-elf/4.1.2/../../../../nios2-elf/lib/mno-hw-mul\libc.a(lib_a-strlen.o)
 .bss           0x00805584        0x0 c:/altera/13.0sp1/nios2eds/bin/gnu/h-i686-mingw32/bin/../lib/gcc/nios2-elf/4.1.2/../../../../nios2-elf/lib/mno-hw-mul\libc.a(lib_a-__atexit.o)
 .bss           0x00805584        0x0 c:/altera/13.0sp1/nios2eds/bin/gnu/h-i686-mingw32/bin/../lib/gcc/nios2-elf/4.1.2/../../../../nios2-elf/lib/mno-hw-mul\libc.a(lib_a-__call_atexit.o)
 .bss           0x00805584        0x0 c:/altera/13.0sp1/nios2eds/bin/gnu/h-i686-mingw32/bin/../lib/gcc/nios2-elf/4.1.2/mno-hw-mul\libgcc.a(lib2-mul.o)
 .bss           0x00805584        0x0 ../TP1_montre_bsp/\libhal_bsp.a(alt_exit.o)
 *(COMMON)
 COMMON         0x00805584      0x100 ../TP1_montre_bsp/\libhal_bsp.a(alt_irq_handler.o)
                0x00805584                alt_irq
 COMMON         0x00805684      0x190 c:/altera/13.0sp1/nios2eds/bin/gnu/h-i686-mingw32/bin/../lib/gcc/nios2-elf/4.1.2/../../../../nios2-elf/lib/mno-hw-mul\libc.a(lib_a-atexit.o)
                0x00805684                _atexit0
                0x00805814                . = ALIGN (0x4)
                0x00805814                __bss_end = ABSOLUTE (.)

.SDRAM          0x00805814        0x0
                0x00805814                PROVIDE (_alt_partition_SDRAM_start, ABSOLUTE (.))
 *(.SDRAM. SDRAM.*)
                0x00805814                . = ALIGN (0x4)
                0x00805814                PROVIDE (_alt_partition_SDRAM_end, ABSOLUTE (.))
                0x00805814                _end = ABSOLUTE (.)
                0x00805814                end = ABSOLUTE (.)
                0x00805814                __alt_stack_base = ABSOLUTE (.)
                0x00805814                PROVIDE (_alt_partition_SDRAM_load_addr, LOADADDR (.SDRAM))

.stab
 *(.stab)

.stabstr
 *(.stabstr)

.stab.excl
 *(.stab.excl)

.stab.exclstr
 *(.stab.exclstr)

.stab.index
 *(.stab.index)

.stab.indexstr
 *(.stab.indexstr)

.comment        0x00000000       0x26
 *(.comment)
 .comment       0x00000000       0x26 obj/default/hello_world.o
                                 0x27 (size before relaxing)
 .comment       0x00000000       0x27 ../TP1_montre_bsp/\libhal_bsp.a(alt_irq_register.o)
 .comment       0x00000000       0x27 ../TP1_montre_bsp/\libhal_bsp.a(alt_irq_vars.o)
 .comment       0x00000000       0x27 ../TP1_montre_bsp/\libhal_bsp.a(alt_load.o)
 .comment       0x00000000       0x27 ../TP1_montre_bsp/\libhal_bsp.a(alt_main.o)
 .comment       0x00000000       0x27 ../TP1_montre_bsp/\libhal_bsp.a(alt_sys_init.o)
 .comment       0x00000000       0x27 ../TP1_montre_bsp/\libhal_bsp.a(altera_avalon_jtag_uart_fd.o)
 .comment       0x00000000       0x27 ../TP1_montre_bsp/\libhal_bsp.a(altera_avalon_jtag_uart_init.o)
 .comment       0x00000000       0x27 ../TP1_montre_bsp/\libhal_bsp.a(altera_avalon_jtag_uart_ioctl.o)
 .comment       0x00000000       0x27 ../TP1_montre_bsp/\libhal_bsp.a(altera_avalon_jtag_uart_read.o)
 .comment       0x00000000       0x27 ../TP1_montre_bsp/\libhal_bsp.a(altera_avalon_jtag_uart_write.o)
 .comment       0x00000000       0x27 ../TP1_montre_bsp/\libhal_bsp.a(altera_avalon_timer_sc.o)
 .comment       0x00000000       0x27 ../TP1_montre_bsp/\libhal_bsp.a(alt_alarm_start.o)
 .comment       0x00000000       0x27 ../TP1_montre_bsp/\libhal_bsp.a(alt_close.o)
 .comment       0x00000000       0x27 ../TP1_montre_bsp/\libhal_bsp.a(alt_dcache_flush_all.o)
 .comment       0x00000000       0x27 ../TP1_montre_bsp/\libhal_bsp.a(alt_dev.o)
 .comment       0x00000000       0x27 ../TP1_montre_bsp/\libhal_bsp.a(alt_dev_llist_insert.o)
 .comment       0x00000000       0x27 ../TP1_montre_bsp/\libhal_bsp.a(alt_do_ctors.o)
 .comment       0x00000000       0x27 ../TP1_montre_bsp/\libhal_bsp.a(alt_do_dtors.o)
 .comment       0x00000000       0x27 ../TP1_montre_bsp/\libhal_bsp.a(alt_errno.o)
 .comment       0x00000000       0x27 ../TP1_montre_bsp/\libhal_bsp.a(alt_icache_flush_all.o)
 .comment       0x00000000       0x27 ../TP1_montre_bsp/\libhal_bsp.a(alt_io_redirect.o)
 .comment       0x00000000       0x27 ../TP1_montre_bsp/\libhal_bsp.a(alt_irq_handler.o)
 .comment       0x00000000       0x27 ../TP1_montre_bsp/\libhal_bsp.a(alt_open.o)
 .comment       0x00000000       0x27 ../TP1_montre_bsp/\libhal_bsp.a(alt_release_fd.o)
 .comment       0x00000000       0x27 ../TP1_montre_bsp/\libhal_bsp.a(alt_tick.o)
 .comment       0x00000000       0x27 ../TP1_montre_bsp/\libhal_bsp.a(altera_nios2_qsys_irq.o)
 .comment       0x00000000       0x27 ../TP1_montre_bsp/\libhal_bsp.a(alt_find_dev.o)
 .comment       0x00000000       0x27 ../TP1_montre_bsp/\libhal_bsp.a(alt_find_file.o)
 .comment       0x00000000       0x27 ../TP1_montre_bsp/\libhal_bsp.a(alt_get_fd.o)
 .comment       0x00000000       0x27 c:/altera/13.0sp1/nios2eds/bin/gnu/h-i686-mingw32/bin/../lib/gcc/nios2-elf/4.1.2/../../../../nios2-elf/lib/mno-hw-mul\libc.a(lib_a-atexit.o)
 .comment       0x00000000       0x27 c:/altera/13.0sp1/nios2eds/bin/gnu/h-i686-mingw32/bin/../lib/gcc/nios2-elf/4.1.2/../../../../nios2-elf/lib/mno-hw-mul\libc.a(lib_a-exit.o)
 .comment       0x00000000       0x27 c:/altera/13.0sp1/nios2eds/bin/gnu/h-i686-mingw32/bin/../lib/gcc/nios2-elf/4.1.2/../../../../nios2-elf/lib/mno-hw-mul\libc.a(lib_a-impure.o)
 .comment       0x00000000       0x27 c:/altera/13.0sp1/nios2eds/bin/gnu/h-i686-mingw32/bin/../lib/gcc/nios2-elf/4.1.2/../../../../nios2-elf/lib/mno-hw-mul\libc.a(lib_a-int_errno.o)
 .comment       0x00000000       0x27 c:/altera/13.0sp1/nios2eds/bin/gnu/h-i686-mingw32/bin/../lib/gcc/nios2-elf/4.1.2/../../../../nios2-elf/lib/mno-hw-mul\libc.a(lib_a-memcmp.o)
 .comment       0x00000000       0x27 c:/altera/13.0sp1/nios2eds/bin/gnu/h-i686-mingw32/bin/../lib/gcc/nios2-elf/4.1.2/../../../../nios2-elf/lib/mno-hw-mul\libc.a(lib_a-memcpy.o)
 .comment       0x00000000       0x27 c:/altera/13.0sp1/nios2eds/bin/gnu/h-i686-mingw32/bin/../lib/gcc/nios2-elf/4.1.2/../../../../nios2-elf/lib/mno-hw-mul\libc.a(lib_a-strlen.o)
 .comment       0x00000000       0x27 c:/altera/13.0sp1/nios2eds/bin/gnu/h-i686-mingw32/bin/../lib/gcc/nios2-elf/4.1.2/../../../../nios2-elf/lib/mno-hw-mul\libc.a(lib_a-__atexit.o)
 .comment       0x00000000       0x27 c:/altera/13.0sp1/nios2eds/bin/gnu/h-i686-mingw32/bin/../lib/gcc/nios2-elf/4.1.2/../../../../nios2-elf/lib/mno-hw-mul\libc.a(lib_a-__call_atexit.o)
 .comment       0x00000000       0x27 c:/altera/13.0sp1/nios2eds/bin/gnu/h-i686-mingw32/bin/../lib/gcc/nios2-elf/4.1.2/mno-hw-mul\libgcc.a(lib2-mul.o)
 .comment       0x00000000       0x27 ../TP1_montre_bsp/\libhal_bsp.a(alt_exit.o)

.debug
 *(.debug)

.line
 *(.line)

.debug_srcinfo
 *(.debug_srcinfo)

.debug_sfnames
 *(.debug_sfnames)

.debug_aranges  0x00000000      0x538
 *(.debug_aranges)
 .debug_aranges
                0x00000000       0x28 ../TP1_montre_bsp//obj/HAL/src/crt0.o
 .debug_aranges
                0x00000028       0x20 obj/default/hello_world.o
 .debug_aranges
                0x00000048       0x20 ../TP1_montre_bsp/\libhal_bsp.a(alt_irq_register.o)
 .debug_aranges
                0x00000068       0x20 ../TP1_montre_bsp/\libhal_bsp.a(alt_load.o)
 .debug_aranges
                0x00000088       0x20 ../TP1_montre_bsp/\libhal_bsp.a(alt_main.o)
 .debug_aranges
                0x000000a8       0x20 ../TP1_montre_bsp/\libhal_bsp.a(alt_sys_init.o)
 .debug_aranges
                0x000000c8       0x20 ../TP1_montre_bsp/\libhal_bsp.a(altera_avalon_jtag_uart_fd.o)
 .debug_aranges
                0x000000e8       0x20 ../TP1_montre_bsp/\libhal_bsp.a(altera_avalon_jtag_uart_init.o)
 .debug_aranges
                0x00000108       0x20 ../TP1_montre_bsp/\libhal_bsp.a(altera_avalon_jtag_uart_ioctl.o)
 .debug_aranges
                0x00000128       0x20 ../TP1_montre_bsp/\libhal_bsp.a(altera_avalon_jtag_uart_read.o)
 .debug_aranges
                0x00000148       0x20 ../TP1_montre_bsp/\libhal_bsp.a(altera_avalon_jtag_uart_write.o)
 .debug_aranges
                0x00000168       0x20 ../TP1_montre_bsp/\libhal_bsp.a(altera_avalon_timer_sc.o)
 .debug_aranges
                0x00000188       0x20 ../TP1_montre_bsp/\libhal_bsp.a(alt_alarm_start.o)
 .debug_aranges
                0x000001a8       0x20 ../TP1_montre_bsp/\libhal_bsp.a(alt_close.o)
 .debug_aranges
                0x000001c8       0x20 ../TP1_montre_bsp/\libhal_bsp.a(alt_dcache_flush_all.o)
 .debug_aranges
                0x000001e8       0x20 ../TP1_montre_bsp/\libhal_bsp.a(alt_dev.o)
 .debug_aranges
                0x00000208       0x20 ../TP1_montre_bsp/\libhal_bsp.a(alt_dev_llist_insert.o)
 .debug_aranges
                0x00000228       0x20 ../TP1_montre_bsp/\libhal_bsp.a(alt_do_ctors.o)
 .debug_aranges
                0x00000248       0x20 ../TP1_montre_bsp/\libhal_bsp.a(alt_do_dtors.o)
 .debug_aranges
                0x00000268       0x20 ../TP1_montre_bsp/\libhal_bsp.a(alt_icache_flush_all.o)
 .debug_aranges
                0x00000288       0x20 ../TP1_montre_bsp/\libhal_bsp.a(alt_io_redirect.o)
 .debug_aranges
                0x000002a8       0x30 ../TP1_montre_bsp/\libhal_bsp.a(alt_irq_entry.o)
 .debug_aranges
                0x000002d8       0x28 ../TP1_montre_bsp/\libhal_bsp.a(alt_irq_handler.o)
 .debug_aranges
                0x00000300       0x20 ../TP1_montre_bsp/\libhal_bsp.a(alt_open.o)
 .debug_aranges
                0x00000320       0x20 ../TP1_montre_bsp/\libhal_bsp.a(alt_release_fd.o)
 .debug_aranges
                0x00000340       0x20 ../TP1_montre_bsp/\libhal_bsp.a(alt_tick.o)
 .debug_aranges
                0x00000360       0x20 ../TP1_montre_bsp/\libhal_bsp.a(altera_nios2_qsys_irq.o)
 .debug_aranges
                0x00000380       0x38 ../TP1_montre_bsp/\libhal_bsp.a(alt_exception_entry.o)
 .debug_aranges
                0x000003b8       0x20 ../TP1_montre_bsp/\libhal_bsp.a(alt_find_dev.o)
 .debug_aranges
                0x000003d8       0x20 ../TP1_montre_bsp/\libhal_bsp.a(alt_find_file.o)
 .debug_aranges
                0x000003f8       0x20 ../TP1_montre_bsp/\libhal_bsp.a(alt_get_fd.o)
 .debug_aranges
                0x00000418       0x20 c:/altera/13.0sp1/nios2eds/bin/gnu/h-i686-mingw32/bin/../lib/gcc/nios2-elf/4.1.2/../../../../nios2-elf/lib/mno-hw-mul\libc.a(lib_a-atexit.o)
 .debug_aranges
                0x00000438       0x20 c:/altera/13.0sp1/nios2eds/bin/gnu/h-i686-mingw32/bin/../lib/gcc/nios2-elf/4.1.2/../../../../nios2-elf/lib/mno-hw-mul\libc.a(lib_a-exit.o)
 .debug_aranges
                0x00000458       0x20 c:/altera/13.0sp1/nios2eds/bin/gnu/h-i686-mingw32/bin/../lib/gcc/nios2-elf/4.1.2/../../../../nios2-elf/lib/mno-hw-mul\libc.a(lib_a-memcmp.o)
 .debug_aranges
                0x00000478       0x20 c:/altera/13.0sp1/nios2eds/bin/gnu/h-i686-mingw32/bin/../lib/gcc/nios2-elf/4.1.2/../../../../nios2-elf/lib/mno-hw-mul\libc.a(lib_a-memcpy.o)
 .debug_aranges
                0x00000498       0x20 c:/altera/13.0sp1/nios2eds/bin/gnu/h-i686-mingw32/bin/../lib/gcc/nios2-elf/4.1.2/../../../../nios2-elf/lib/mno-hw-mul\libc.a(lib_a-strlen.o)
 .debug_aranges
                0x000004b8       0x20 c:/altera/13.0sp1/nios2eds/bin/gnu/h-i686-mingw32/bin/../lib/gcc/nios2-elf/4.1.2/../../../../nios2-elf/lib/mno-hw-mul\libc.a(lib_a-__atexit.o)
 .debug_aranges
                0x000004d8       0x20 c:/altera/13.0sp1/nios2eds/bin/gnu/h-i686-mingw32/bin/../lib/gcc/nios2-elf/4.1.2/../../../../nios2-elf/lib/mno-hw-mul\libc.a(lib_a-__call_atexit.o)
 .debug_aranges
                0x000004f8       0x20 c:/altera/13.0sp1/nios2eds/bin/gnu/h-i686-mingw32/bin/../lib/gcc/nios2-elf/4.1.2/mno-hw-mul\libgcc.a(lib2-mul.o)
 .debug_aranges
                0x00000518       0x20 ../TP1_montre_bsp/\libhal_bsp.a(alt_exit.o)

.debug_pubnames
                0x00000000      0x835
 *(.debug_pubnames)
 .debug_pubnames
                0x00000000       0xda obj/default/hello_world.o
 .debug_pubnames
                0x000000da       0x27 ../TP1_montre_bsp/\libhal_bsp.a(alt_irq_register.o)
 .debug_pubnames
                0x00000101       0x3b ../TP1_montre_bsp/\libhal_bsp.a(alt_irq_vars.o)
 .debug_pubnames
                0x0000013c       0x1f ../TP1_montre_bsp/\libhal_bsp.a(alt_load.o)
 .debug_pubnames
                0x0000015b       0x46 ../TP1_montre_bsp/\libhal_bsp.a(alt_main.o)
 .debug_pubnames
                0x000001a1       0x34 ../TP1_montre_bsp/\libhal_bsp.a(alt_sys_init.o)
 .debug_pubnames
                0x000001d5       0xa5 ../TP1_montre_bsp/\libhal_bsp.a(altera_avalon_jtag_uart_fd.o)
 .debug_pubnames
                0x0000027a       0x55 ../TP1_montre_bsp/\libhal_bsp.a(altera_avalon_jtag_uart_init.o)
 .debug_pubnames
                0x000002cf       0x34 ../TP1_montre_bsp/\libhal_bsp.a(altera_avalon_jtag_uart_ioctl.o)
 .debug_pubnames
                0x00000303       0x33 ../TP1_montre_bsp/\libhal_bsp.a(altera_avalon_jtag_uart_read.o)
 .debug_pubnames
                0x00000336       0x34 ../TP1_montre_bsp/\libhal_bsp.a(altera_avalon_jtag_uart_write.o)
 .debug_pubnames
                0x0000036a       0x2f ../TP1_montre_bsp/\libhal_bsp.a(altera_avalon_timer_sc.o)
 .debug_pubnames
                0x00000399       0x26 ../TP1_montre_bsp/\libhal_bsp.a(alt_alarm_start.o)
 .debug_pubnames
                0x000003bf       0x1c ../TP1_montre_bsp/\libhal_bsp.a(alt_close.o)
 .debug_pubnames
                0x000003db       0x2b ../TP1_montre_bsp/\libhal_bsp.a(alt_dcache_flush_all.o)
 .debug_pubnames
                0x00000406       0x63 ../TP1_montre_bsp/\libhal_bsp.a(alt_dev.o)
 .debug_pubnames
                0x00000469       0x2b ../TP1_montre_bsp/\libhal_bsp.a(alt_dev_llist_insert.o)
 .debug_pubnames
                0x00000494       0x20 ../TP1_montre_bsp/\libhal_bsp.a(alt_do_ctors.o)
 .debug_pubnames
                0x000004b4       0x20 ../TP1_montre_bsp/\libhal_bsp.a(alt_do_dtors.o)
 .debug_pubnames
                0x000004d4       0x20 ../TP1_montre_bsp/\libhal_bsp.a(alt_errno.o)
 .debug_pubnames
                0x000004f4       0x2b ../TP1_montre_bsp/\libhal_bsp.a(alt_icache_flush_all.o)
 .debug_pubnames
                0x0000051f       0x26 ../TP1_montre_bsp/\libhal_bsp.a(alt_io_redirect.o)
 .debug_pubnames
                0x00000545       0x32 ../TP1_montre_bsp/\libhal_bsp.a(alt_irq_handler.o)
 .debug_pubnames
                0x00000577       0x1b ../TP1_montre_bsp/\libhal_bsp.a(alt_open.o)
 .debug_pubnames
                0x00000592       0x25 ../TP1_montre_bsp/\libhal_bsp.a(alt_release_fd.o)
 .debug_pubnames
                0x000005b7       0x68 ../TP1_montre_bsp/\libhal_bsp.a(alt_tick.o)
 .debug_pubnames
                0x0000061f       0x31 ../TP1_montre_bsp/\libhal_bsp.a(altera_nios2_qsys_irq.o)
 .debug_pubnames
                0x00000650       0x23 ../TP1_montre_bsp/\libhal_bsp.a(alt_find_dev.o)
 .debug_pubnames
                0x00000673       0x24 ../TP1_montre_bsp/\libhal_bsp.a(alt_find_file.o)
 .debug_pubnames
                0x00000697       0x21 ../TP1_montre_bsp/\libhal_bsp.a(alt_get_fd.o)
 .debug_pubnames
                0x000006b8       0x2a c:/altera/13.0sp1/nios2eds/bin/gnu/h-i686-mingw32/bin/../lib/gcc/nios2-elf/4.1.2/../../../../nios2-elf/lib/mno-hw-mul\libc.a(lib_a-atexit.o)
 .debug_pubnames
                0x000006e2       0x1b c:/altera/13.0sp1/nios2eds/bin/gnu/h-i686-mingw32/bin/../lib/gcc/nios2-elf/4.1.2/../../../../nios2-elf/lib/mno-hw-mul\libc.a(lib_a-exit.o)
 .debug_pubnames
                0x000006fd       0x39 c:/altera/13.0sp1/nios2eds/bin/gnu/h-i686-mingw32/bin/../lib/gcc/nios2-elf/4.1.2/../../../../nios2-elf/lib/mno-hw-mul\libc.a(lib_a-impure.o)
 .debug_pubnames
                0x00000736       0x1c c:/altera/13.0sp1/nios2eds/bin/gnu/h-i686-mingw32/bin/../lib/gcc/nios2-elf/4.1.2/../../../../nios2-elf/lib/mno-hw-mul\libc.a(lib_a-int_errno.o)
 .debug_pubnames
                0x00000752       0x1d c:/altera/13.0sp1/nios2eds/bin/gnu/h-i686-mingw32/bin/../lib/gcc/nios2-elf/4.1.2/../../../../nios2-elf/lib/mno-hw-mul\libc.a(lib_a-memcmp.o)
 .debug_pubnames
                0x0000076f       0x1d c:/altera/13.0sp1/nios2eds/bin/gnu/h-i686-mingw32/bin/../lib/gcc/nios2-elf/4.1.2/../../../../nios2-elf/lib/mno-hw-mul\libc.a(lib_a-memcpy.o)
 .debug_pubnames
                0x0000078c       0x1d c:/altera/13.0sp1/nios2eds/bin/gnu/h-i686-mingw32/bin/../lib/gcc/nios2-elf/4.1.2/../../../../nios2-elf/lib/mno-hw-mul\libc.a(lib_a-strlen.o)
 .debug_pubnames
                0x000007a9       0x2a c:/altera/13.0sp1/nios2eds/bin/gnu/h-i686-mingw32/bin/../lib/gcc/nios2-elf/4.1.2/../../../../nios2-elf/lib/mno-hw-mul\libc.a(lib_a-__atexit.o)
 .debug_pubnames
                0x000007d3       0x27 c:/altera/13.0sp1/nios2eds/bin/gnu/h-i686-mingw32/bin/../lib/gcc/nios2-elf/4.1.2/../../../../nios2-elf/lib/mno-hw-mul\libc.a(lib_a-__call_atexit.o)
 .debug_pubnames
                0x000007fa       0x1f c:/altera/13.0sp1/nios2eds/bin/gnu/h-i686-mingw32/bin/../lib/gcc/nios2-elf/4.1.2/mno-hw-mul\libgcc.a(lib2-mul.o)
 .debug_pubnames
                0x00000819       0x1c ../TP1_montre_bsp/\libhal_bsp.a(alt_exit.o)

.debug_info     0x00000000     0x9ec6
 *(.debug_info .gnu.linkonce.wi.*)
 .debug_info    0x00000000       0x57 ../TP1_montre_bsp//obj/HAL/src/crt0.o
 .debug_info    0x00000057      0x37f obj/default/hello_world.o
 .debug_info    0x000003d6      0x40b ../TP1_montre_bsp/\libhal_bsp.a(alt_irq_register.o)
 .debug_info    0x000007e1      0x143 ../TP1_montre_bsp/\libhal_bsp.a(alt_irq_vars.o)
 .debug_info    0x00000924      0x269 ../TP1_montre_bsp/\libhal_bsp.a(alt_load.o)
 .debug_info    0x00000b8d      0x248 ../TP1_montre_bsp/\libhal_bsp.a(alt_main.o)
 .debug_info    0x00000dd5      0x7ba ../TP1_montre_bsp/\libhal_bsp.a(alt_sys_init.o)
 .debug_info    0x0000158f      0x7b5 ../TP1_montre_bsp/\libhal_bsp.a(altera_avalon_jtag_uart_fd.o)
 .debug_info    0x00001d44      0x61d ../TP1_montre_bsp/\libhal_bsp.a(altera_avalon_jtag_uart_init.o)
 .debug_info    0x00002361      0x41f ../TP1_montre_bsp/\libhal_bsp.a(altera_avalon_jtag_uart_ioctl.o)
 .debug_info    0x00002780      0x555 ../TP1_montre_bsp/\libhal_bsp.a(altera_avalon_jtag_uart_read.o)
 .debug_info    0x00002cd5      0x54d ../TP1_montre_bsp/\libhal_bsp.a(altera_avalon_jtag_uart_write.o)
 .debug_info    0x00003222      0x3a7 ../TP1_montre_bsp/\libhal_bsp.a(altera_avalon_timer_sc.o)
 .debug_info    0x000035c9      0x451 ../TP1_montre_bsp/\libhal_bsp.a(alt_alarm_start.o)
 .debug_info    0x00003a1a      0x443 ../TP1_montre_bsp/\libhal_bsp.a(alt_close.o)
 .debug_info    0x00003e5d      0x138 ../TP1_montre_bsp/\libhal_bsp.a(alt_dcache_flush_all.o)
 .debug_info    0x00003f95      0x65b ../TP1_montre_bsp/\libhal_bsp.a(alt_dev.o)
 .debug_info    0x000045f0      0x293 ../TP1_montre_bsp/\libhal_bsp.a(alt_dev_llist_insert.o)
 .debug_info    0x00004883       0xeb ../TP1_montre_bsp/\libhal_bsp.a(alt_do_ctors.o)
 .debug_info    0x0000496e       0xea ../TP1_montre_bsp/\libhal_bsp.a(alt_do_dtors.o)
 .debug_info    0x00004a58      0x140 ../TP1_montre_bsp/\libhal_bsp.a(alt_errno.o)
 .debug_info    0x00004b98      0x138 ../TP1_montre_bsp/\libhal_bsp.a(alt_icache_flush_all.o)
 .debug_info    0x00004cd0      0x671 ../TP1_montre_bsp/\libhal_bsp.a(alt_io_redirect.o)
 .debug_info    0x00005341       0x60 ../TP1_montre_bsp/\libhal_bsp.a(alt_irq_entry.o)
 .debug_info    0x000053a1      0x28e ../TP1_montre_bsp/\libhal_bsp.a(alt_irq_handler.o)
 .debug_info    0x0000562f      0x501 ../TP1_montre_bsp/\libhal_bsp.a(alt_open.o)
 .debug_info    0x00005b30      0x3ce ../TP1_montre_bsp/\libhal_bsp.a(alt_release_fd.o)
 .debug_info    0x00005efe      0x40d ../TP1_montre_bsp/\libhal_bsp.a(alt_tick.o)
 .debug_info    0x0000630b      0x186 ../TP1_montre_bsp/\libhal_bsp.a(altera_nios2_qsys_irq.o)
 .debug_info    0x00006491       0x66 ../TP1_montre_bsp/\libhal_bsp.a(alt_exception_entry.o)
 .debug_info    0x000064f7      0x3f4 ../TP1_montre_bsp/\libhal_bsp.a(alt_find_dev.o)
 .debug_info    0x000068eb      0x3fb ../TP1_montre_bsp/\libhal_bsp.a(alt_find_file.o)
 .debug_info    0x00006ce6      0x43c ../TP1_montre_bsp/\libhal_bsp.a(alt_get_fd.o)
 .debug_info    0x00007122      0x181 c:/altera/13.0sp1/nios2eds/bin/gnu/h-i686-mingw32/bin/../lib/gcc/nios2-elf/4.1.2/../../../../nios2-elf/lib/mno-hw-mul\libc.a(lib_a-atexit.o)
 .debug_info    0x000072a3      0x93f c:/altera/13.0sp1/nios2eds/bin/gnu/h-i686-mingw32/bin/../lib/gcc/nios2-elf/4.1.2/../../../../nios2-elf/lib/mno-hw-mul\libc.a(lib_a-exit.o)
 .debug_info    0x00007be2      0x93d c:/altera/13.0sp1/nios2eds/bin/gnu/h-i686-mingw32/bin/../lib/gcc/nios2-elf/4.1.2/../../../../nios2-elf/lib/mno-hw-mul\libc.a(lib_a-impure.o)
 .debug_info    0x0000851f       0x8c c:/altera/13.0sp1/nios2eds/bin/gnu/h-i686-mingw32/bin/../lib/gcc/nios2-elf/4.1.2/../../../../nios2-elf/lib/mno-hw-mul\libc.a(lib_a-int_errno.o)
 .debug_info    0x000085ab      0x115 c:/altera/13.0sp1/nios2eds/bin/gnu/h-i686-mingw32/bin/../lib/gcc/nios2-elf/4.1.2/../../../../nios2-elf/lib/mno-hw-mul\libc.a(lib_a-memcmp.o)
 .debug_info    0x000086c0      0x106 c:/altera/13.0sp1/nios2eds/bin/gnu/h-i686-mingw32/bin/../lib/gcc/nios2-elf/4.1.2/../../../../nios2-elf/lib/mno-hw-mul\libc.a(lib_a-memcpy.o)
 .debug_info    0x000087c6       0xdb c:/altera/13.0sp1/nios2eds/bin/gnu/h-i686-mingw32/bin/../lib/gcc/nios2-elf/4.1.2/../../../../nios2-elf/lib/mno-hw-mul\libc.a(lib_a-strlen.o)
 .debug_info    0x000088a1      0x99c c:/altera/13.0sp1/nios2eds/bin/gnu/h-i686-mingw32/bin/../lib/gcc/nios2-elf/4.1.2/../../../../nios2-elf/lib/mno-hw-mul\libc.a(lib_a-__atexit.o)
 .debug_info    0x0000923d      0x9e2 c:/altera/13.0sp1/nios2eds/bin/gnu/h-i686-mingw32/bin/../lib/gcc/nios2-elf/4.1.2/../../../../nios2-elf/lib/mno-hw-mul\libc.a(lib_a-__call_atexit.o)
 .debug_info    0x00009c1f       0xf3 c:/altera/13.0sp1/nios2eds/bin/gnu/h-i686-mingw32/bin/../lib/gcc/nios2-elf/4.1.2/mno-hw-mul\libgcc.a(lib2-mul.o)
 .debug_info    0x00009d12      0x1b4 ../TP1_montre_bsp/\libhal_bsp.a(alt_exit.o)

.debug_abbrev   0x00000000     0x2590
 *(.debug_abbrev)
 .debug_abbrev  0x00000000       0x12 ../TP1_montre_bsp//obj/HAL/src/crt0.o
 .debug_abbrev  0x00000012       0xf0 obj/default/hello_world.o
 .debug_abbrev  0x00000102      0x180 ../TP1_montre_bsp/\libhal_bsp.a(alt_irq_register.o)
 .debug_abbrev  0x00000282       0x44 ../TP1_montre_bsp/\libhal_bsp.a(alt_irq_vars.o)
 .debug_abbrev  0x000002c6       0x88 ../TP1_montre_bsp/\libhal_bsp.a(alt_load.o)
 .debug_abbrev  0x0000034e       0xbe ../TP1_montre_bsp/\libhal_bsp.a(alt_main.o)
 .debug_abbrev  0x0000040c      0x15e ../TP1_montre_bsp/\libhal_bsp.a(alt_sys_init.o)
 .debug_abbrev  0x0000056a       0xf7 ../TP1_montre_bsp/\libhal_bsp.a(altera_avalon_jtag_uart_fd.o)
 .debug_abbrev  0x00000661      0x17c ../TP1_montre_bsp/\libhal_bsp.a(altera_avalon_jtag_uart_init.o)
 .debug_abbrev  0x000007dd       0xf0 ../TP1_montre_bsp/\libhal_bsp.a(altera_avalon_jtag_uart_ioctl.o)
 .debug_abbrev  0x000008cd      0x191 ../TP1_montre_bsp/\libhal_bsp.a(altera_avalon_jtag_uart_read.o)
 .debug_abbrev  0x00000a5e      0x18d ../TP1_montre_bsp/\libhal_bsp.a(altera_avalon_jtag_uart_write.o)
 .debug_abbrev  0x00000beb      0x137 ../TP1_montre_bsp/\libhal_bsp.a(altera_avalon_timer_sc.o)
 .debug_abbrev  0x00000d22      0x172 ../TP1_montre_bsp/\libhal_bsp.a(alt_alarm_start.o)
 .debug_abbrev  0x00000e94       0xfb ../TP1_montre_bsp/\libhal_bsp.a(alt_close.o)
 .debug_abbrev  0x00000f8f       0x3f ../TP1_montre_bsp/\libhal_bsp.a(alt_dcache_flush_all.o)
 .debug_abbrev  0x00000fce       0xc7 ../TP1_montre_bsp/\libhal_bsp.a(alt_dev.o)
 .debug_abbrev  0x00001095       0xf6 ../TP1_montre_bsp/\libhal_bsp.a(alt_dev_llist_insert.o)
 .debug_abbrev  0x0000118b       0x76 ../TP1_montre_bsp/\libhal_bsp.a(alt_do_ctors.o)
 .debug_abbrev  0x00001201       0x76 ../TP1_montre_bsp/\libhal_bsp.a(alt_do_dtors.o)
 .debug_abbrev  0x00001277       0x5e ../TP1_montre_bsp/\libhal_bsp.a(alt_errno.o)
 .debug_abbrev  0x000012d5       0x3f ../TP1_montre_bsp/\libhal_bsp.a(alt_icache_flush_all.o)
 .debug_abbrev  0x00001314       0xf0 ../TP1_montre_bsp/\libhal_bsp.a(alt_io_redirect.o)
 .debug_abbrev  0x00001404       0x12 ../TP1_montre_bsp/\libhal_bsp.a(alt_irq_entry.o)
 .debug_abbrev  0x00001416      0x124 ../TP1_montre_bsp/\libhal_bsp.a(alt_irq_handler.o)
 .debug_abbrev  0x0000153a      0x112 ../TP1_montre_bsp/\libhal_bsp.a(alt_open.o)
 .debug_abbrev  0x0000164c       0xc1 ../TP1_montre_bsp/\libhal_bsp.a(alt_release_fd.o)
 .debug_abbrev  0x0000170d      0x161 ../TP1_montre_bsp/\libhal_bsp.a(alt_tick.o)
 .debug_abbrev  0x0000186e       0x64 ../TP1_montre_bsp/\libhal_bsp.a(altera_nios2_qsys_irq.o)
 .debug_abbrev  0x000018d2       0x12 ../TP1_montre_bsp/\libhal_bsp.a(alt_exception_entry.o)
 .debug_abbrev  0x000018e4       0xcf ../TP1_montre_bsp/\libhal_bsp.a(alt_find_dev.o)
 .debug_abbrev  0x000019b3       0xcf ../TP1_montre_bsp/\libhal_bsp.a(alt_find_file.o)
 .debug_abbrev  0x00001a82       0xfb ../TP1_montre_bsp/\libhal_bsp.a(alt_get_fd.o)
 .debug_abbrev  0x00001b7d       0xb7 c:/altera/13.0sp1/nios2eds/bin/gnu/h-i686-mingw32/bin/../lib/gcc/nios2-elf/4.1.2/../../../../nios2-elf/lib/mno-hw-mul\libc.a(lib_a-atexit.o)
 .debug_abbrev  0x00001c34      0x16e c:/altera/13.0sp1/nios2eds/bin/gnu/h-i686-mingw32/bin/../lib/gcc/nios2-elf/4.1.2/../../../../nios2-elf/lib/mno-hw-mul\libc.a(lib_a-exit.o)
 .debug_abbrev  0x00001da2      0x157 c:/altera/13.0sp1/nios2eds/bin/gnu/h-i686-mingw32/bin/../lib/gcc/nios2-elf/4.1.2/../../../../nios2-elf/lib/mno-hw-mul\libc.a(lib_a-impure.o)
 .debug_abbrev  0x00001ef9       0x3b c:/altera/13.0sp1/nios2eds/bin/gnu/h-i686-mingw32/bin/../lib/gcc/nios2-elf/4.1.2/../../../../nios2-elf/lib/mno-hw-mul\libc.a(lib_a-int_errno.o)
 .debug_abbrev  0x00001f34       0x7c c:/altera/13.0sp1/nios2eds/bin/gnu/h-i686-mingw32/bin/../lib/gcc/nios2-elf/4.1.2/../../../../nios2-elf/lib/mno-hw-mul\libc.a(lib_a-memcmp.o)
 .debug_abbrev  0x00001fb0       0xb5 c:/altera/13.0sp1/nios2eds/bin/gnu/h-i686-mingw32/bin/../lib/gcc/nios2-elf/4.1.2/../../../../nios2-elf/lib/mno-hw-mul\libc.a(lib_a-memcpy.o)
 .debug_abbrev  0x00002065       0x8b c:/altera/13.0sp1/nios2eds/bin/gnu/h-i686-mingw32/bin/../lib/gcc/nios2-elf/4.1.2/../../../../nios2-elf/lib/mno-hw-mul\libc.a(lib_a-strlen.o)
 .debug_abbrev  0x000020f0      0x1ae c:/altera/13.0sp1/nios2eds/bin/gnu/h-i686-mingw32/bin/../lib/gcc/nios2-elf/4.1.2/../../../../nios2-elf/lib/mno-hw-mul\libc.a(lib_a-__atexit.o)
 .debug_abbrev  0x0000229e      0x1de c:/altera/13.0sp1/nios2eds/bin/gnu/h-i686-mingw32/bin/../lib/gcc/nios2-elf/4.1.2/../../../../nios2-elf/lib/mno-hw-mul\libc.a(lib_a-__call_atexit.o)
 .debug_abbrev  0x0000247c       0x7b c:/altera/13.0sp1/nios2eds/bin/gnu/h-i686-mingw32/bin/../lib/gcc/nios2-elf/4.1.2/mno-hw-mul\libgcc.a(lib2-mul.o)
 .debug_abbrev  0x000024f7       0x99 ../TP1_montre_bsp/\libhal_bsp.a(alt_exit.o)

.debug_line     0x00000000     0x634f
 *(.debug_line)
 .debug_line    0x00000000       0x66 ../TP1_montre_bsp//obj/HAL/src/crt0.o
 .debug_line    0x00000066      0x2e9 obj/default/hello_world.o
 .debug_line    0x0000034f      0x303 ../TP1_montre_bsp/\libhal_bsp.a(alt_irq_register.o)
 .debug_line    0x00000652       0x72 ../TP1_montre_bsp/\libhal_bsp.a(alt_irq_vars.o)
 .debug_line    0x000006c4      0x217 ../TP1_montre_bsp/\libhal_bsp.a(alt_load.o)
 .debug_line    0x000008db      0x2de ../TP1_montre_bsp/\libhal_bsp.a(alt_main.o)
 .debug_line    0x00000bb9      0x32a ../TP1_montre_bsp/\libhal_bsp.a(alt_sys_init.o)
 .debug_line    0x00000ee3      0x217 ../TP1_montre_bsp/\libhal_bsp.a(altera_avalon_jtag_uart_fd.o)
 .debug_line    0x000010fa      0x4bf ../TP1_montre_bsp/\libhal_bsp.a(altera_avalon_jtag_uart_init.o)
 .debug_line    0x000015b9      0x317 ../TP1_montre_bsp/\libhal_bsp.a(altera_avalon_jtag_uart_ioctl.o)
 .debug_line    0x000018d0      0x40b ../TP1_montre_bsp/\libhal_bsp.a(altera_avalon_jtag_uart_read.o)
 .debug_line    0x00001cdb      0x419 ../TP1_montre_bsp/\libhal_bsp.a(altera_avalon_jtag_uart_write.o)
 .debug_line    0x000020f4      0x2ca ../TP1_montre_bsp/\libhal_bsp.a(altera_avalon_timer_sc.o)
 .debug_line    0x000023be      0x2f5 ../TP1_montre_bsp/\libhal_bsp.a(alt_alarm_start.o)
 .debug_line    0x000026b3      0x299 ../TP1_montre_bsp/\libhal_bsp.a(alt_close.o)
 .debug_line    0x0000294c      0x1b5 ../TP1_montre_bsp/\libhal_bsp.a(alt_dcache_flush_all.o)
 .debug_line    0x00002b01      0x254 ../TP1_montre_bsp/\libhal_bsp.a(alt_dev.o)
 .debug_line    0x00002d55      0x25a ../TP1_montre_bsp/\libhal_bsp.a(alt_dev_llist_insert.o)
 .debug_line    0x00002faf       0x83 ../TP1_montre_bsp/\libhal_bsp.a(alt_do_ctors.o)
 .debug_line    0x00003032       0x83 ../TP1_montre_bsp/\libhal_bsp.a(alt_do_dtors.o)
 .debug_line    0x000030b5      0x1aa ../TP1_montre_bsp/\libhal_bsp.a(alt_errno.o)
 .debug_line    0x0000325f      0x1b5 ../TP1_montre_bsp/\libhal_bsp.a(alt_icache_flush_all.o)
 .debug_line    0x00003414      0x2b4 ../TP1_montre_bsp/\libhal_bsp.a(alt_io_redirect.o)
 .debug_line    0x000036c8       0x6b ../TP1_montre_bsp/\libhal_bsp.a(alt_irq_entry.o)
 .debug_line    0x00003733      0x261 ../TP1_montre_bsp/\libhal_bsp.a(alt_irq_handler.o)
 .debug_line    0x00003994      0x2ff ../TP1_montre_bsp/\libhal_bsp.a(alt_open.o)
 .debug_line    0x00003c93       0xed ../TP1_montre_bsp/\libhal_bsp.a(alt_release_fd.o)
 .debug_line    0x00003d80      0x2f5 ../TP1_montre_bsp/\libhal_bsp.a(alt_tick.o)
 .debug_line    0x00004075      0x1e7 ../TP1_montre_bsp/\libhal_bsp.a(altera_nios2_qsys_irq.o)
 .debug_line    0x0000425c       0xab ../TP1_montre_bsp/\libhal_bsp.a(alt_exception_entry.o)
 .debug_line    0x00004307      0x26b ../TP1_montre_bsp/\libhal_bsp.a(alt_find_dev.o)
 .debug_line    0x00004572      0x27c ../TP1_montre_bsp/\libhal_bsp.a(alt_find_file.o)
 .debug_line    0x000047ee      0x297 ../TP1_montre_bsp/\libhal_bsp.a(alt_get_fd.o)
 .debug_line    0x00004a85      0x203 c:/altera/13.0sp1/nios2eds/bin/gnu/h-i686-mingw32/bin/../lib/gcc/nios2-elf/4.1.2/../../../../nios2-elf/lib/mno-hw-mul\libc.a(lib_a-atexit.o)
 .debug_line    0x00004c88      0x23b c:/altera/13.0sp1/nios2eds/bin/gnu/h-i686-mingw32/bin/../lib/gcc/nios2-elf/4.1.2/../../../../nios2-elf/lib/mno-hw-mul\libc.a(lib_a-exit.o)
 .debug_line    0x00004ec3      0x230 c:/altera/13.0sp1/nios2eds/bin/gnu/h-i686-mingw32/bin/../lib/gcc/nios2-elf/4.1.2/../../../../nios2-elf/lib/mno-hw-mul\libc.a(lib_a-impure.o)
 .debug_line    0x000050f3      0x1e2 c:/altera/13.0sp1/nios2eds/bin/gnu/h-i686-mingw32/bin/../lib/gcc/nios2-elf/4.1.2/../../../../nios2-elf/lib/mno-hw-mul\libc.a(lib_a-int_errno.o)
 .debug_line    0x000052d5      0x2a2 c:/altera/13.0sp1/nios2eds/bin/gnu/h-i686-mingw32/bin/../lib/gcc/nios2-elf/4.1.2/../../../../nios2-elf/lib/mno-hw-mul\libc.a(lib_a-memcmp.o)
 .debug_line    0x00005577      0x1af c:/altera/13.0sp1/nios2eds/bin/gnu/h-i686-mingw32/bin/../lib/gcc/nios2-elf/4.1.2/../../../../nios2-elf/lib/mno-hw-mul\libc.a(lib_a-memcpy.o)
 .debug_line    0x00005726      0x270 c:/altera/13.0sp1/nios2eds/bin/gnu/h-i686-mingw32/bin/../lib/gcc/nios2-elf/4.1.2/../../../../nios2-elf/lib/mno-hw-mul\libc.a(lib_a-strlen.o)
 .debug_line    0x00005996      0x316 c:/altera/13.0sp1/nios2eds/bin/gnu/h-i686-mingw32/bin/../lib/gcc/nios2-elf/4.1.2/../../../../nios2-elf/lib/mno-hw-mul\libc.a(lib_a-__atexit.o)
 .debug_line    0x00005cac      0x36a c:/altera/13.0sp1/nios2eds/bin/gnu/h-i686-mingw32/bin/../lib/gcc/nios2-elf/4.1.2/../../../../nios2-elf/lib/mno-hw-mul\libc.a(lib_a-__call_atexit.o)
 .debug_line    0x00006016      0x11a c:/altera/13.0sp1/nios2eds/bin/gnu/h-i686-mingw32/bin/../lib/gcc/nios2-elf/4.1.2/mno-hw-mul\libgcc.a(lib2-mul.o)
 .debug_line    0x00006130      0x21f ../TP1_montre_bsp/\libhal_bsp.a(alt_exit.o)

.debug_frame    0x00000000      0x884
 *(.debug_frame)
 .debug_frame   0x00000000       0x80 obj/default/hello_world.o
 .debug_frame   0x00000080       0x2c ../TP1_montre_bsp/\libhal_bsp.a(alt_irq_register.o)
 .debug_frame   0x000000ac       0x48 ../TP1_montre_bsp/\libhal_bsp.a(alt_load.o)
 .debug_frame   0x000000f4       0x2c ../TP1_montre_bsp/\libhal_bsp.a(alt_main.o)
 .debug_frame   0x00000120       0x64 ../TP1_montre_bsp/\libhal_bsp.a(alt_sys_init.o)
 .debug_frame   0x00000184       0x80 ../TP1_montre_bsp/\libhal_bsp.a(altera_avalon_jtag_uart_fd.o)
 .debug_frame   0x00000204       0x80 ../TP1_montre_bsp/\libhal_bsp.a(altera_avalon_jtag_uart_init.o)
 .debug_frame   0x00000284       0x2c ../TP1_montre_bsp/\libhal_bsp.a(altera_avalon_jtag_uart_ioctl.o)
 .debug_frame   0x000002b0       0x2c ../TP1_montre_bsp/\libhal_bsp.a(altera_avalon_jtag_uart_read.o)
 .debug_frame   0x000002dc       0x2c ../TP1_montre_bsp/\libhal_bsp.a(altera_avalon_jtag_uart_write.o)
 .debug_frame   0x00000308       0x48 ../TP1_montre_bsp/\libhal_bsp.a(altera_avalon_timer_sc.o)
 .debug_frame   0x00000350       0x2c ../TP1_montre_bsp/\libhal_bsp.a(alt_alarm_start.o)
 .debug_frame   0x0000037c       0x48 ../TP1_montre_bsp/\libhal_bsp.a(alt_close.o)
 .debug_frame   0x000003c4       0x2c ../TP1_montre_bsp/\libhal_bsp.a(alt_dcache_flush_all.o)
 .debug_frame   0x000003f0       0x2c ../TP1_montre_bsp/\libhal_bsp.a(alt_dev.o)
 .debug_frame   0x0000041c       0x48 ../TP1_montre_bsp/\libhal_bsp.a(alt_dev_llist_insert.o)
 .debug_frame   0x00000464       0x2c ../TP1_montre_bsp/\libhal_bsp.a(alt_do_ctors.o)
 .debug_frame   0x00000490       0x2c ../TP1_montre_bsp/\libhal_bsp.a(alt_do_dtors.o)
 .debug_frame   0x000004bc       0x2c ../TP1_montre_bsp/\libhal_bsp.a(alt_icache_flush_all.o)
 .debug_frame   0x000004e8       0x4c ../TP1_montre_bsp/\libhal_bsp.a(alt_io_redirect.o)
 .debug_frame   0x00000534       0x2c ../TP1_montre_bsp/\libhal_bsp.a(alt_irq_handler.o)
 .debug_frame   0x00000560       0x68 ../TP1_montre_bsp/\libhal_bsp.a(alt_open.o)
 .debug_frame   0x000005c8       0x30 ../TP1_montre_bsp/\libhal_bsp.a(alt_release_fd.o)
 .debug_frame   0x000005f8       0x48 ../TP1_montre_bsp/\libhal_bsp.a(alt_tick.o)
 .debug_frame   0x00000640       0x2c ../TP1_montre_bsp/\libhal_bsp.a(altera_nios2_qsys_irq.o)
 .debug_frame   0x0000066c       0x2c ../TP1_montre_bsp/\libhal_bsp.a(alt_find_dev.o)
 .debug_frame   0x00000698       0x2c ../TP1_montre_bsp/\libhal_bsp.a(alt_find_file.o)
 .debug_frame   0x000006c4       0x30 ../TP1_montre_bsp/\libhal_bsp.a(alt_get_fd.o)
 .debug_frame   0x000006f4       0x20 c:/altera/13.0sp1/nios2eds/bin/gnu/h-i686-mingw32/bin/../lib/gcc/nios2-elf/4.1.2/../../../../nios2-elf/lib/mno-hw-mul\libc.a(lib_a-atexit.o)
 .debug_frame   0x00000714       0x28 c:/altera/13.0sp1/nios2eds/bin/gnu/h-i686-mingw32/bin/../lib/gcc/nios2-elf/4.1.2/../../../../nios2-elf/lib/mno-hw-mul\libc.a(lib_a-exit.o)
 .debug_frame   0x0000073c       0x20 c:/altera/13.0sp1/nios2eds/bin/gnu/h-i686-mingw32/bin/../lib/gcc/nios2-elf/4.1.2/../../../../nios2-elf/lib/mno-hw-mul\libc.a(lib_a-memcmp.o)
 .debug_frame   0x0000075c       0x20 c:/altera/13.0sp1/nios2eds/bin/gnu/h-i686-mingw32/bin/../lib/gcc/nios2-elf/4.1.2/../../../../nios2-elf/lib/mno-hw-mul\libc.a(lib_a-memcpy.o)
 .debug_frame   0x0000077c       0x20 c:/altera/13.0sp1/nios2eds/bin/gnu/h-i686-mingw32/bin/../lib/gcc/nios2-elf/4.1.2/../../../../nios2-elf/lib/mno-hw-mul\libc.a(lib_a-strlen.o)
 .debug_frame   0x0000079c       0x34 c:/altera/13.0sp1/nios2eds/bin/gnu/h-i686-mingw32/bin/../lib/gcc/nios2-elf/4.1.2/../../../../nios2-elf/lib/mno-hw-mul\libc.a(lib_a-__atexit.o)
 .debug_frame   0x000007d0       0x4c c:/altera/13.0sp1/nios2eds/bin/gnu/h-i686-mingw32/bin/../lib/gcc/nios2-elf/4.1.2/../../../../nios2-elf/lib/mno-hw-mul\libc.a(lib_a-__call_atexit.o)
 .debug_frame   0x0000081c       0x20 c:/altera/13.0sp1/nios2eds/bin/gnu/h-i686-mingw32/bin/../lib/gcc/nios2-elf/4.1.2/mno-hw-mul\libgcc.a(lib2-mul.o)
 .debug_frame   0x0000083c       0x48 ../TP1_montre_bsp/\libhal_bsp.a(alt_exit.o)

.debug_str      0x00000000      0xbc6
 *(.debug_str)
 .debug_str     0x00000000       0x23 obj/default/hello_world.o
 .debug_str     0x00000023       0x21 ../TP1_montre_bsp/\libhal_bsp.a(alt_irq_register.o)
 .debug_str     0x00000044       0x12 ../TP1_montre_bsp/\libhal_bsp.a(alt_load.o)
 .debug_str     0x00000056       0x12 ../TP1_montre_bsp/\libhal_bsp.a(alt_main.o)
 .debug_str     0x00000068       0x2b ../TP1_montre_bsp/\libhal_bsp.a(alt_sys_init.o)
 .debug_str     0x00000093       0x12 ../TP1_montre_bsp/\libhal_bsp.a(altera_avalon_jtag_uart_fd.o)
 .debug_str     0x000000a5       0x1a ../TP1_montre_bsp/\libhal_bsp.a(altera_avalon_jtag_uart_init.o)
 .debug_str     0x000000bf       0x12 ../TP1_montre_bsp/\libhal_bsp.a(altera_avalon_jtag_uart_ioctl.o)
 .debug_str     0x000000d1       0x1a ../TP1_montre_bsp/\libhal_bsp.a(altera_avalon_jtag_uart_read.o)
 .debug_str     0x000000eb       0x1a ../TP1_montre_bsp/\libhal_bsp.a(altera_avalon_jtag_uart_write.o)
 .debug_str     0x00000105       0x12 ../TP1_montre_bsp/\libhal_bsp.a(altera_avalon_timer_sc.o)
 .debug_str     0x00000117       0x23 ../TP1_montre_bsp/\libhal_bsp.a(alt_alarm_start.o)
 .debug_str     0x0000013a       0x12 ../TP1_montre_bsp/\libhal_bsp.a(alt_close.o)
 .debug_str     0x0000014c       0x12 ../TP1_montre_bsp/\libhal_bsp.a(alt_dcache_flush_all.o)
 .debug_str     0x0000015e       0x12 ../TP1_montre_bsp/\libhal_bsp.a(alt_dev.o)
 .debug_str     0x00000170       0x12 ../TP1_montre_bsp/\libhal_bsp.a(alt_dev_llist_insert.o)
 .debug_str     0x00000182       0x12 ../TP1_montre_bsp/\libhal_bsp.a(alt_errno.o)
 .debug_str     0x00000194       0x12 ../TP1_montre_bsp/\libhal_bsp.a(alt_icache_flush_all.o)
 .debug_str     0x000001a6       0x12 ../TP1_montre_bsp/\libhal_bsp.a(alt_io_redirect.o)
 .debug_str     0x000001b8       0x12 ../TP1_montre_bsp/\libhal_bsp.a(alt_irq_handler.o)
 .debug_str     0x000001ca       0x12 ../TP1_montre_bsp/\libhal_bsp.a(alt_open.o)
 .debug_str     0x000001dc       0x1a ../TP1_montre_bsp/\libhal_bsp.a(alt_tick.o)
 .debug_str     0x000001f6       0x12 ../TP1_montre_bsp/\libhal_bsp.a(altera_nios2_qsys_irq.o)
 .debug_str     0x00000208       0x12 ../TP1_montre_bsp/\libhal_bsp.a(alt_find_dev.o)
 .debug_str     0x0000021a       0x12 ../TP1_montre_bsp/\libhal_bsp.a(alt_find_file.o)
 .debug_str     0x0000022c       0x12 ../TP1_montre_bsp/\libhal_bsp.a(alt_get_fd.o)
 .debug_str     0x0000023e      0x187 c:/altera/13.0sp1/nios2eds/bin/gnu/h-i686-mingw32/bin/../lib/gcc/nios2-elf/4.1.2/../../../../nios2-elf/lib/mno-hw-mul\libc.a(lib_a-atexit.o)
                                0x1cd (size before relaxing)
 .debug_str     0x000003c5      0x387 c:/altera/13.0sp1/nios2eds/bin/gnu/h-i686-mingw32/bin/../lib/gcc/nios2-elf/4.1.2/../../../../nios2-elf/lib/mno-hw-mul\libc.a(lib_a-exit.o)
                                0x51a (size before relaxing)
 .debug_str     0x0000074c       0xdf c:/altera/13.0sp1/nios2eds/bin/gnu/h-i686-mingw32/bin/../lib/gcc/nios2-elf/4.1.2/../../../../nios2-elf/lib/mno-hw-mul\libc.a(lib_a-impure.o)
                                0x528 (size before relaxing)
 .debug_str     0x0000082b       0x40 c:/altera/13.0sp1/nios2eds/bin/gnu/h-i686-mingw32/bin/../lib/gcc/nios2-elf/4.1.2/../../../../nios2-elf/lib/mno-hw-mul\libc.a(lib_a-int_errno.o)
                                0x171 (size before relaxing)
 .debug_str     0x0000086b       0xe3 c:/altera/13.0sp1/nios2eds/bin/gnu/h-i686-mingw32/bin/../lib/gcc/nios2-elf/4.1.2/../../../../nios2-elf/lib/mno-hw-mul\libc.a(lib_a-memcmp.o)
                                0x178 (size before relaxing)
 .debug_str     0x0000094e       0x6c c:/altera/13.0sp1/nios2eds/bin/gnu/h-i686-mingw32/bin/../lib/gcc/nios2-elf/4.1.2/../../../../nios2-elf/lib/mno-hw-mul\libc.a(lib_a-memcpy.o)
                                0x136 (size before relaxing)
 .debug_str     0x000009ba       0x52 c:/altera/13.0sp1/nios2eds/bin/gnu/h-i686-mingw32/bin/../lib/gcc/nios2-elf/4.1.2/../../../../nios2-elf/lib/mno-hw-mul\libc.a(lib_a-strlen.o)
                                0x18b (size before relaxing)
 .debug_str     0x00000a0c       0x54 c:/altera/13.0sp1/nios2eds/bin/gnu/h-i686-mingw32/bin/../lib/gcc/nios2-elf/4.1.2/../../../../nios2-elf/lib/mno-hw-mul\libc.a(lib_a-__atexit.o)
                                0x532 (size before relaxing)
 .debug_str     0x00000a60       0x7e c:/altera/13.0sp1/nios2eds/bin/gnu/h-i686-mingw32/bin/../lib/gcc/nios2-elf/4.1.2/../../../../nios2-elf/lib/mno-hw-mul\libc.a(lib_a-__call_atexit.o)
                                0x55c (size before relaxing)
 .debug_str     0x00000ade       0xcc c:/altera/13.0sp1/nios2eds/bin/gnu/h-i686-mingw32/bin/../lib/gcc/nios2-elf/4.1.2/mno-hw-mul\libgcc.a(lib2-mul.o)
                                0x175 (size before relaxing)
 .debug_str     0x00000baa       0x1c ../TP1_montre_bsp/\libhal_bsp.a(alt_exit.o)

.debug_loc      0x00000000      0xdeb
 *(.debug_loc)
 .debug_loc     0x00000000       0xac obj/default/hello_world.o
 .debug_loc     0x000000ac       0x2c ../TP1_montre_bsp/\libhal_bsp.a(alt_irq_register.o)
 .debug_loc     0x000000d8       0x56 ../TP1_montre_bsp/\libhal_bsp.a(alt_load.o)
 .debug_loc     0x0000012e       0x2b ../TP1_montre_bsp/\libhal_bsp.a(alt_main.o)
 .debug_loc     0x00000159       0x81 ../TP1_montre_bsp/\libhal_bsp.a(alt_sys_init.o)
 .debug_loc     0x000001da       0xac ../TP1_montre_bsp/\libhal_bsp.a(altera_avalon_jtag_uart_fd.o)
 .debug_loc     0x00000286       0xac ../TP1_montre_bsp/\libhal_bsp.a(altera_avalon_jtag_uart_init.o)
 .debug_loc     0x00000332       0x2b ../TP1_montre_bsp/\libhal_bsp.a(altera_avalon_jtag_uart_ioctl.o)
 .debug_loc     0x0000035d       0x2b ../TP1_montre_bsp/\libhal_bsp.a(altera_avalon_jtag_uart_read.o)
 .debug_loc     0x00000388       0x2b ../TP1_montre_bsp/\libhal_bsp.a(altera_avalon_jtag_uart_write.o)
 .debug_loc     0x000003b3       0x56 ../TP1_montre_bsp/\libhal_bsp.a(altera_avalon_timer_sc.o)
 .debug_loc     0x00000409       0x2b ../TP1_montre_bsp/\libhal_bsp.a(alt_alarm_start.o)
 .debug_loc     0x00000434       0x56 ../TP1_montre_bsp/\libhal_bsp.a(alt_close.o)
 .debug_loc     0x0000048a       0x2b ../TP1_montre_bsp/\libhal_bsp.a(alt_dcache_flush_all.o)
 .debug_loc     0x000004b5       0x2b ../TP1_montre_bsp/\libhal_bsp.a(alt_dev.o)
 .debug_loc     0x000004e0       0x56 ../TP1_montre_bsp/\libhal_bsp.a(alt_dev_llist_insert.o)
 .debug_loc     0x00000536       0x2b ../TP1_montre_bsp/\libhal_bsp.a(alt_do_ctors.o)
 .debug_loc     0x00000561       0x2b ../TP1_montre_bsp/\libhal_bsp.a(alt_do_dtors.o)
 .debug_loc     0x0000058c       0x2b ../TP1_montre_bsp/\libhal_bsp.a(alt_icache_flush_all.o)
 .debug_loc     0x000005b7       0x56 ../TP1_montre_bsp/\libhal_bsp.a(alt_io_redirect.o)
 .debug_loc     0x0000060d       0x2b ../TP1_montre_bsp/\libhal_bsp.a(alt_irq_handler.o)
 .debug_loc     0x00000638       0x81 ../TP1_montre_bsp/\libhal_bsp.a(alt_open.o)
 .debug_loc     0x000006b9       0x2b ../TP1_montre_bsp/\libhal_bsp.a(alt_release_fd.o)
 .debug_loc     0x000006e4       0x56 ../TP1_montre_bsp/\libhal_bsp.a(alt_tick.o)
 .debug_loc     0x0000073a       0x2b ../TP1_montre_bsp/\libhal_bsp.a(altera_nios2_qsys_irq.o)
 .debug_loc     0x00000765       0x2b ../TP1_montre_bsp/\libhal_bsp.a(alt_find_dev.o)
 .debug_loc     0x00000790       0x2b ../TP1_montre_bsp/\libhal_bsp.a(alt_find_file.o)
 .debug_loc     0x000007bb       0x2b ../TP1_montre_bsp/\libhal_bsp.a(alt_get_fd.o)
 .debug_loc     0x000007e6       0x1e c:/altera/13.0sp1/nios2eds/bin/gnu/h-i686-mingw32/bin/../lib/gcc/nios2-elf/4.1.2/../../../../nios2-elf/lib/mno-hw-mul\libc.a(lib_a-atexit.o)
 .debug_loc     0x00000804       0x3d c:/altera/13.0sp1/nios2eds/bin/gnu/h-i686-mingw32/bin/../lib/gcc/nios2-elf/4.1.2/../../../../nios2-elf/lib/mno-hw-mul\libc.a(lib_a-exit.o)
 .debug_loc     0x00000841      0x114 c:/altera/13.0sp1/nios2eds/bin/gnu/h-i686-mingw32/bin/../lib/gcc/nios2-elf/4.1.2/../../../../nios2-elf/lib/mno-hw-mul\libc.a(lib_a-memcmp.o)
 .debug_loc     0x00000955       0xca c:/altera/13.0sp1/nios2eds/bin/gnu/h-i686-mingw32/bin/../lib/gcc/nios2-elf/4.1.2/../../../../nios2-elf/lib/mno-hw-mul\libc.a(lib_a-memcpy.o)
 .debug_loc     0x00000a1f       0x3c c:/altera/13.0sp1/nios2eds/bin/gnu/h-i686-mingw32/bin/../lib/gcc/nios2-elf/4.1.2/../../../../nios2-elf/lib/mno-hw-mul\libc.a(lib_a-strlen.o)
 .debug_loc     0x00000a5b      0x120 c:/altera/13.0sp1/nios2eds/bin/gnu/h-i686-mingw32/bin/../lib/gcc/nios2-elf/4.1.2/../../../../nios2-elf/lib/mno-hw-mul\libc.a(lib_a-__atexit.o)
 .debug_loc     0x00000b7b      0x1cb c:/altera/13.0sp1/nios2eds/bin/gnu/h-i686-mingw32/bin/../lib/gcc/nios2-elf/4.1.2/../../../../nios2-elf/lib/mno-hw-mul\libc.a(lib_a-__call_atexit.o)
 .debug_loc     0x00000d46       0x4f c:/altera/13.0sp1/nios2eds/bin/gnu/h-i686-mingw32/bin/../lib/gcc/nios2-elf/4.1.2/mno-hw-mul\libgcc.a(lib2-mul.o)
 .debug_loc     0x00000d95       0x56 ../TP1_montre_bsp/\libhal_bsp.a(alt_exit.o)

.debug_macinfo
 *(.debug_macinfo)

.debug_weaknames
 *(.debug_weaknames)

.debug_funcnames
 *(.debug_funcnames)

.debug_typenames
 *(.debug_typenames)

.debug_varnames
 *(.debug_varnames)

.debug_alt_sim_info
                0x00000000       0x10
 *(.debug_alt_sim_info)
 .debug_alt_sim_info
                0x00000000       0x10 ../TP1_montre_bsp//obj/HAL/src/crt0.o
                0x01000000                __alt_data_end = 0x1000000
                0x01000000                PROVIDE (__alt_stack_pointer, __alt_data_end)
                0x00805814                PROVIDE (__alt_stack_limit, __alt_stack_base)
                0x00805814                PROVIDE (__alt_heap_start, end)
                0x01000000                PROVIDE (__alt_heap_limit, 0x1000000)
OUTPUT(TP1_montre.elf elf32-littlenios2)

.debug_ranges   0x00000000       0x90
 .debug_ranges  0x00000000       0x20 ../TP1_montre_bsp//obj/HAL/src/crt0.o
 .debug_ranges  0x00000020       0x28 ../TP1_montre_bsp/\libhal_bsp.a(alt_irq_entry.o)
 .debug_ranges  0x00000048       0x30 ../TP1_montre_bsp/\libhal_bsp.a(alt_exception_entry.o)
 .debug_ranges  0x00000078       0x18 c:/altera/13.0sp1/nios2eds/bin/gnu/h-i686-mingw32/bin/../lib/gcc/nios2-elf/4.1.2/../../../../nios2-elf/lib/mno-hw-mul\libc.a(lib_a-__call_atexit.o)
